<testsuites id="" name="" tests="120" failures="82" skipped="0" errors="0" time="552.604527">
<testsuite name="accessibility.spec.ts" timestamp="2025-12-04T19:39:49.989Z" hostname="chromium" tests="24" failures="2" skipped="0" time="135.038" errors="0">
<testcase name="Accessibilité - Scan Automatique › Accueil - Pas de violations WCAG" classname="accessibility.spec.ts" time="25.566">
</testcase>
<testcase name="Accessibilité - Scan Automatique › Marketplace - Pas de violations WCAG" classname="accessibility.spec.ts" time="25.396">
</testcase>
<testcase name="Accessibilité - Scan Automatique › Authentification - Pas de violations WCAG" classname="accessibility.spec.ts" time="5.184">
</testcase>
<testcase name="Accessibilité - Scan Automatique › Dashboard - Pas de violations WCAG" classname="accessibility.spec.ts" time="4.767">
</testcase>
<testcase name="Accessibilité - Scan Automatique › Produits - Pas de violations WCAG" classname="accessibility.spec.ts" time="4.42">
</testcase>
<testcase name="Accessibilité - Scan Automatique › Commandes - Pas de violations WCAG" classname="accessibility.spec.ts" time="6.482">
</testcase>
<testcase name="Accessibilité - Navigation Clavier › devrait pouvoir naviguer avec Tab" classname="accessibility.spec.ts" time="6.011">
</testcase>
<testcase name="Accessibilité - Navigation Clavier › devrait pouvoir naviguer en arrière avec Shift+Tab" classname="accessibility.spec.ts" time="3.98">
</testcase>
<testcase name="Accessibilité - Navigation Clavier › devrait pouvoir activer les liens avec Enter" classname="accessibility.spec.ts" time="2.203">
</testcase>
<testcase name="Accessibilité - Navigation Clavier › devrait pouvoir activer les boutons avec Space" classname="accessibility.spec.ts" time="3.559">
</testcase>
<testcase name="Accessibilité - Navigation Clavier › devrait avoir un indicateur de focus visible" classname="accessibility.spec.ts" time="3.195">
</testcase>
<testcase name="Accessibilité - ARIA &amp; Sémantique › devrait avoir des landmarks ARIA" classname="accessibility.spec.ts" time="2.831">
<failure message="accessibility.spec.ts:141:3 devrait avoir des landmarks ARIA" type="FAILURE">
<![CDATA[  [chromium] › accessibility.spec.ts:141:3 › Accessibilité - ARIA & Sémantique › devrait avoir des landmarks ARIA 

    Error: expect(received).toBeTruthy()

    Received: false

      154 |     
      155 |     // Au moins main et nav devraient être présents
    > 156 |     expect(landmarks.main || landmarks.nav).toBeTruthy();
          |                                             ^
      157 |   });
      158 |
      159 |   test('les images devraient avoir des attributs alt', async ({ page }) => {
        at C:\Users\SAWADOGO\Desktop\emarzona\tests\accessibility.spec.ts:156:45

    attachment #1: screenshot (image/png) ──────────────────────────────────────────────────────────
    ..\test-results\accessibility-Accessibilit-5833f-it-avoir-des-landmarks-ARIA-chromium\test-failed-1.png
    ────────────────────────────────────────────────────────────────────────────────────────────────

    attachment #2: video (video/webm) ──────────────────────────────────────────────────────────────
    ..\test-results\accessibility-Accessibilit-5833f-it-avoir-des-landmarks-ARIA-chromium\video.webm
    ────────────────────────────────────────────────────────────────────────────────────────────────
]]>
</failure>
<system-out>
<![CDATA[
[[ATTACHMENT|accessibility-Accessibilit-5833f-it-avoir-des-landmarks-ARIA-chromium\test-failed-1.png]]

[[ATTACHMENT|accessibility-Accessibilit-5833f-it-avoir-des-landmarks-ARIA-chromium\video.webm]]
]]>
</system-out>
</testcase>
<testcase name="Accessibilité - ARIA &amp; Sémantique › les images devraient avoir des attributs alt" classname="accessibility.spec.ts" time="5.449">
</testcase>
<testcase name="Accessibilité - ARIA &amp; Sémantique › les boutons devraient avoir des labels accessibles" classname="accessibility.spec.ts" time="3.09">
</testcase>
<testcase name="Accessibilité - ARIA &amp; Sémantique › les liens devraient avoir du texte accessible" classname="accessibility.spec.ts" time="2.312">
</testcase>
<testcase name="Accessibilité - ARIA &amp; Sémantique › les formulaires devraient avoir des labels" classname="accessibility.spec.ts" time="2.088">
</testcase>
<testcase name="Accessibilité - Contraste › le texte devrait avoir un contraste suffisant" classname="accessibility.spec.ts" time="4.4">
</testcase>
<testcase name="Accessibilité - Responsive &amp; Zoom › devrait être utilisable avec zoom 200%" classname="accessibility.spec.ts" time="3.478">
</testcase>
<testcase name="Accessibilité - Responsive &amp; Zoom › devrait être utilisable en mode paysage mobile" classname="accessibility.spec.ts" time="6.523">
</testcase>
<testcase name="Accessibilité - Lecteur d&apos;écran › devrait avoir un titre de page descriptif" classname="accessibility.spec.ts" time="5.377">
</testcase>
<testcase name="Accessibilité - Lecteur d&apos;écran › devrait avoir une hiérarchie de headings correcte" classname="accessibility.spec.ts" time="2.433">
<failure message="accessibility.spec.ts:291:3 devrait avoir une hiérarchie de headings correcte" type="FAILURE">
<![CDATA[  [chromium] › accessibility.spec.ts:291:3 › Accessibilité - Lecteur d'écran › devrait avoir une hiérarchie de headings correcte 

    Error: expect(received).toBeTruthy()

    Received: false

      306 |     
      307 |     // Devrait avoir exactement un H1
    > 308 |     expect(headings.hasH1).toBeTruthy();
          |                            ^
      309 |     expect(headings.h1Count).toBe(1);
      310 |     
      311 |     // La séquence ne devrait pas sauter de niveaux (ex: H1 → H3)
        at C:\Users\SAWADOGO\Desktop\emarzona\tests\accessibility.spec.ts:308:28

    attachment #1: screenshot (image/png) ──────────────────────────────────────────────────────────
    ..\test-results\accessibility-Accessibilit-4aa47-archie-de-headings-correcte-chromium\test-failed-1.png
    ────────────────────────────────────────────────────────────────────────────────────────────────

    attachment #2: video (video/webm) ──────────────────────────────────────────────────────────────
    ..\test-results\accessibility-Accessibilit-4aa47-archie-de-headings-correcte-chromium\video.webm
    ────────────────────────────────────────────────────────────────────────────────────────────────

    Error Context: ..\test-results\accessibility-Accessibilit-4aa47-archie-de-headings-correcte-chromium\error-context.md
]]>
</failure>
<system-out>
<![CDATA[
[[ATTACHMENT|accessibility-Accessibilit-4aa47-archie-de-headings-correcte-chromium\test-failed-1.png]]

[[ATTACHMENT|accessibility-Accessibilit-4aa47-archie-de-headings-correcte-chromium\video.webm]]

[[ATTACHMENT|accessibility-Accessibilit-4aa47-archie-de-headings-correcte-chromium\error-context.md]]
]]>
</system-out>
</testcase>
<testcase name="Accessibilité - Lecteur d&apos;écran › le contenu dynamique devrait utiliser aria-live" classname="accessibility.spec.ts" time="1.875">
</testcase>
<testcase name="Accessibilité - Formulaires › les erreurs de validation devraient être annoncées" classname="accessibility.spec.ts" time="2.198">
</testcase>
<testcase name="Accessibilité - Formulaires › les champs requis devraient être identifiés" classname="accessibility.spec.ts" time="2.221">
</testcase>
</testsuite>
<testsuite name="accessibility.spec.ts" timestamp="2025-12-04T19:39:49.989Z" hostname="firefox" tests="24" failures="24" skipped="0" time="0.443" errors="0">
<testcase name="Accessibilité - Scan Automatique › Accueil - Pas de violations WCAG" classname="accessibility.spec.ts" time="0.017">
<failure message="accessibility.spec.ts:22:5 Accueil - Pas de violations WCAG" type="FAILURE">
<![CDATA[  [firefox] › accessibility.spec.ts:22:5 › Accessibilité - Scan Automatique › Accueil - Pas de violations WCAG 

    Error: browserType.launch: Executable doesn't exist at C:\Users\SAWADOGO\AppData\Local\ms-playwright\firefox-1495\firefox\firefox.exe
    ╔═════════════════════════════════════════════════════════════════════════╗
    ║ Looks like Playwright Test or Playwright was just installed or updated. ║
    ║ Please run the following command to download new browsers:              ║
    ║                                                                         ║
    ║     npx playwright install                                              ║
    ║                                                                         ║
    ║ <3 Playwright Team                                                      ║
    ╚═════════════════════════════════════════════════════════════════════════╝
]]>
</failure>
</testcase>
<testcase name="Accessibilité - Scan Automatique › Marketplace - Pas de violations WCAG" classname="accessibility.spec.ts" time="0.015">
<failure message="accessibility.spec.ts:22:5 Marketplace - Pas de violations WCAG" type="FAILURE">
<![CDATA[  [firefox] › accessibility.spec.ts:22:5 › Accessibilité - Scan Automatique › Marketplace - Pas de violations WCAG 

    Error: browserType.launch: Executable doesn't exist at C:\Users\SAWADOGO\AppData\Local\ms-playwright\firefox-1495\firefox\firefox.exe
    ╔═════════════════════════════════════════════════════════════════════════╗
    ║ Looks like Playwright Test or Playwright was just installed or updated. ║
    ║ Please run the following command to download new browsers:              ║
    ║                                                                         ║
    ║     npx playwright install                                              ║
    ║                                                                         ║
    ║ <3 Playwright Team                                                      ║
    ╚═════════════════════════════════════════════════════════════════════════╝
]]>
</failure>
</testcase>
<testcase name="Accessibilité - Scan Automatique › Authentification - Pas de violations WCAG" classname="accessibility.spec.ts" time="0.011">
<failure message="accessibility.spec.ts:22:5 Authentification - Pas de violations WCAG" type="FAILURE">
<![CDATA[  [firefox] › accessibility.spec.ts:22:5 › Accessibilité - Scan Automatique › Authentification - Pas de violations WCAG 

    Error: browserType.launch: Executable doesn't exist at C:\Users\SAWADOGO\AppData\Local\ms-playwright\firefox-1495\firefox\firefox.exe
    ╔═════════════════════════════════════════════════════════════════════════╗
    ║ Looks like Playwright Test or Playwright was just installed or updated. ║
    ║ Please run the following command to download new browsers:              ║
    ║                                                                         ║
    ║     npx playwright install                                              ║
    ║                                                                         ║
    ║ <3 Playwright Team                                                      ║
    ╚═════════════════════════════════════════════════════════════════════════╝
]]>
</failure>
</testcase>
<testcase name="Accessibilité - Scan Automatique › Dashboard - Pas de violations WCAG" classname="accessibility.spec.ts" time="0.011">
<failure message="accessibility.spec.ts:22:5 Dashboard - Pas de violations WCAG" type="FAILURE">
<![CDATA[  [firefox] › accessibility.spec.ts:22:5 › Accessibilité - Scan Automatique › Dashboard - Pas de violations WCAG 

    Error: browserType.launch: Executable doesn't exist at C:\Users\SAWADOGO\AppData\Local\ms-playwright\firefox-1495\firefox\firefox.exe
    ╔═════════════════════════════════════════════════════════════════════════╗
    ║ Looks like Playwright Test or Playwright was just installed or updated. ║
    ║ Please run the following command to download new browsers:              ║
    ║                                                                         ║
    ║     npx playwright install                                              ║
    ║                                                                         ║
    ║ <3 Playwright Team                                                      ║
    ╚═════════════════════════════════════════════════════════════════════════╝
]]>
</failure>
</testcase>
<testcase name="Accessibilité - Scan Automatique › Produits - Pas de violations WCAG" classname="accessibility.spec.ts" time="0.023">
<failure message="accessibility.spec.ts:22:5 Produits - Pas de violations WCAG" type="FAILURE">
<![CDATA[  [firefox] › accessibility.spec.ts:22:5 › Accessibilité - Scan Automatique › Produits - Pas de violations WCAG 

    Error: browserType.launch: Executable doesn't exist at C:\Users\SAWADOGO\AppData\Local\ms-playwright\firefox-1495\firefox\firefox.exe
    ╔═════════════════════════════════════════════════════════════════════════╗
    ║ Looks like Playwright Test or Playwright was just installed or updated. ║
    ║ Please run the following command to download new browsers:              ║
    ║                                                                         ║
    ║     npx playwright install                                              ║
    ║                                                                         ║
    ║ <3 Playwright Team                                                      ║
    ╚═════════════════════════════════════════════════════════════════════════╝
]]>
</failure>
</testcase>
<testcase name="Accessibilité - Scan Automatique › Commandes - Pas de violations WCAG" classname="accessibility.spec.ts" time="0.013">
<failure message="accessibility.spec.ts:22:5 Commandes - Pas de violations WCAG" type="FAILURE">
<![CDATA[  [firefox] › accessibility.spec.ts:22:5 › Accessibilité - Scan Automatique › Commandes - Pas de violations WCAG 

    Error: browserType.launch: Executable doesn't exist at C:\Users\SAWADOGO\AppData\Local\ms-playwright\firefox-1495\firefox\firefox.exe
    ╔═════════════════════════════════════════════════════════════════════════╗
    ║ Looks like Playwright Test or Playwright was just installed or updated. ║
    ║ Please run the following command to download new browsers:              ║
    ║                                                                         ║
    ║     npx playwright install                                              ║
    ║                                                                         ║
    ║ <3 Playwright Team                                                      ║
    ╚═════════════════════════════════════════════════════════════════════════╝
]]>
</failure>
</testcase>
<testcase name="Accessibilité - Navigation Clavier › devrait pouvoir naviguer avec Tab" classname="accessibility.spec.ts" time="0.016">
<failure message="accessibility.spec.ts:38:3 devrait pouvoir naviguer avec Tab" type="FAILURE">
<![CDATA[  [firefox] › accessibility.spec.ts:38:3 › Accessibilité - Navigation Clavier › devrait pouvoir naviguer avec Tab 

    Error: browserType.launch: Executable doesn't exist at C:\Users\SAWADOGO\AppData\Local\ms-playwright\firefox-1495\firefox\firefox.exe
    ╔═════════════════════════════════════════════════════════════════════════╗
    ║ Looks like Playwright Test or Playwright was just installed or updated. ║
    ║ Please run the following command to download new browsers:              ║
    ║                                                                         ║
    ║     npx playwright install                                              ║
    ║                                                                         ║
    ║ <3 Playwright Team                                                      ║
    ╚═════════════════════════════════════════════════════════════════════════╝
]]>
</failure>
</testcase>
<testcase name="Accessibilité - Navigation Clavier › devrait pouvoir naviguer en arrière avec Shift+Tab" classname="accessibility.spec.ts" time="0.014">
<failure message="accessibility.spec.ts:53:3 devrait pouvoir naviguer en arrière avec Shift+Tab" type="FAILURE">
<![CDATA[  [firefox] › accessibility.spec.ts:53:3 › Accessibilité - Navigation Clavier › devrait pouvoir naviguer en arrière avec Shift+Tab 

    Error: browserType.launch: Executable doesn't exist at C:\Users\SAWADOGO\AppData\Local\ms-playwright\firefox-1495\firefox\firefox.exe
    ╔═════════════════════════════════════════════════════════════════════════╗
    ║ Looks like Playwright Test or Playwright was just installed or updated. ║
    ║ Please run the following command to download new browsers:              ║
    ║                                                                         ║
    ║     npx playwright install                                              ║
    ║                                                                         ║
    ║ <3 Playwright Team                                                      ║
    ╚═════════════════════════════════════════════════════════════════════════╝
]]>
</failure>
</testcase>
<testcase name="Accessibilité - Navigation Clavier › devrait pouvoir activer les liens avec Enter" classname="accessibility.spec.ts" time="0.019">
<failure message="accessibility.spec.ts:66:3 devrait pouvoir activer les liens avec Enter" type="FAILURE">
<![CDATA[  [firefox] › accessibility.spec.ts:66:3 › Accessibilité - Navigation Clavier › devrait pouvoir activer les liens avec Enter 

    Error: browserType.launch: Executable doesn't exist at C:\Users\SAWADOGO\AppData\Local\ms-playwright\firefox-1495\firefox\firefox.exe
    ╔═════════════════════════════════════════════════════════════════════════╗
    ║ Looks like Playwright Test or Playwright was just installed or updated. ║
    ║ Please run the following command to download new browsers:              ║
    ║                                                                         ║
    ║     npx playwright install                                              ║
    ║                                                                         ║
    ║ <3 Playwright Team                                                      ║
    ╚═════════════════════════════════════════════════════════════════════════╝
]]>
</failure>
</testcase>
<testcase name="Accessibilité - Navigation Clavier › devrait pouvoir activer les boutons avec Space" classname="accessibility.spec.ts" time="0.012">
<failure message="accessibility.spec.ts:87:3 devrait pouvoir activer les boutons avec Space" type="FAILURE">
<![CDATA[  [firefox] › accessibility.spec.ts:87:3 › Accessibilité - Navigation Clavier › devrait pouvoir activer les boutons avec Space 

    Error: browserType.launch: Executable doesn't exist at C:\Users\SAWADOGO\AppData\Local\ms-playwright\firefox-1495\firefox\firefox.exe
    ╔═════════════════════════════════════════════════════════════════════════╗
    ║ Looks like Playwright Test or Playwright was just installed or updated. ║
    ║ Please run the following command to download new browsers:              ║
    ║                                                                         ║
    ║     npx playwright install                                              ║
    ║                                                                         ║
    ║ <3 Playwright Team                                                      ║
    ╚═════════════════════════════════════════════════════════════════════════╝
]]>
</failure>
</testcase>
<testcase name="Accessibilité - Navigation Clavier › devrait avoir un indicateur de focus visible" classname="accessibility.spec.ts" time="0.018">
<failure message="accessibility.spec.ts:112:3 devrait avoir un indicateur de focus visible" type="FAILURE">
<![CDATA[  [firefox] › accessibility.spec.ts:112:3 › Accessibilité - Navigation Clavier › devrait avoir un indicateur de focus visible 

    Error: browserType.launch: Executable doesn't exist at C:\Users\SAWADOGO\AppData\Local\ms-playwright\firefox-1495\firefox\firefox.exe
    ╔═════════════════════════════════════════════════════════════════════════╗
    ║ Looks like Playwright Test or Playwright was just installed or updated. ║
    ║ Please run the following command to download new browsers:              ║
    ║                                                                         ║
    ║     npx playwright install                                              ║
    ║                                                                         ║
    ║ <3 Playwright Team                                                      ║
    ╚═════════════════════════════════════════════════════════════════════════╝
]]>
</failure>
</testcase>
<testcase name="Accessibilité - ARIA &amp; Sémantique › devrait avoir des landmarks ARIA" classname="accessibility.spec.ts" time="0.012">
<failure message="accessibility.spec.ts:141:3 devrait avoir des landmarks ARIA" type="FAILURE">
<![CDATA[  [firefox] › accessibility.spec.ts:141:3 › Accessibilité - ARIA & Sémantique › devrait avoir des landmarks ARIA 

    Error: browserType.launch: Executable doesn't exist at C:\Users\SAWADOGO\AppData\Local\ms-playwright\firefox-1495\firefox\firefox.exe
    ╔═════════════════════════════════════════════════════════════════════════╗
    ║ Looks like Playwright Test or Playwright was just installed or updated. ║
    ║ Please run the following command to download new browsers:              ║
    ║                                                                         ║
    ║     npx playwright install                                              ║
    ║                                                                         ║
    ║ <3 Playwright Team                                                      ║
    ╚═════════════════════════════════════════════════════════════════════════╝
]]>
</failure>
</testcase>
<testcase name="Accessibilité - ARIA &amp; Sémantique › les images devraient avoir des attributs alt" classname="accessibility.spec.ts" time="0.015">
<failure message="accessibility.spec.ts:159:3 les images devraient avoir des attributs alt" type="FAILURE">
<![CDATA[  [firefox] › accessibility.spec.ts:159:3 › Accessibilité - ARIA & Sémantique › les images devraient avoir des attributs alt 

    Error: browserType.launch: Executable doesn't exist at C:\Users\SAWADOGO\AppData\Local\ms-playwright\firefox-1495\firefox\firefox.exe
    ╔═════════════════════════════════════════════════════════════════════════╗
    ║ Looks like Playwright Test or Playwright was just installed or updated. ║
    ║ Please run the following command to download new browsers:              ║
    ║                                                                         ║
    ║     npx playwright install                                              ║
    ║                                                                         ║
    ║ <3 Playwright Team                                                      ║
    ╚═════════════════════════════════════════════════════════════════════════╝
]]>
</failure>
</testcase>
<testcase name="Accessibilité - ARIA &amp; Sémantique › les boutons devraient avoir des labels accessibles" classname="accessibility.spec.ts" time="0.01">
<failure message="accessibility.spec.ts:170:3 les boutons devraient avoir des labels accessibles" type="FAILURE">
<![CDATA[  [firefox] › accessibility.spec.ts:170:3 › Accessibilité - ARIA & Sémantique › les boutons devraient avoir des labels accessibles 

    Error: browserType.launch: Executable doesn't exist at C:\Users\SAWADOGO\AppData\Local\ms-playwright\firefox-1495\firefox\firefox.exe
    ╔═════════════════════════════════════════════════════════════════════════╗
    ║ Looks like Playwright Test or Playwright was just installed or updated. ║
    ║ Please run the following command to download new browsers:              ║
    ║                                                                         ║
    ║     npx playwright install                                              ║
    ║                                                                         ║
    ║ <3 Playwright Team                                                      ║
    ╚═════════════════════════════════════════════════════════════════════════╝
]]>
</failure>
</testcase>
<testcase name="Accessibilité - ARIA &amp; Sémantique › les liens devraient avoir du texte accessible" classname="accessibility.spec.ts" time="0.02">
<failure message="accessibility.spec.ts:190:3 les liens devraient avoir du texte accessible" type="FAILURE">
<![CDATA[  [firefox] › accessibility.spec.ts:190:3 › Accessibilité - ARIA & Sémantique › les liens devraient avoir du texte accessible 

    Error: browserType.launch: Executable doesn't exist at C:\Users\SAWADOGO\AppData\Local\ms-playwright\firefox-1495\firefox\firefox.exe
    ╔═════════════════════════════════════════════════════════════════════════╗
    ║ Looks like Playwright Test or Playwright was just installed or updated. ║
    ║ Please run the following command to download new browsers:              ║
    ║                                                                         ║
    ║     npx playwright install                                              ║
    ║                                                                         ║
    ║ <3 Playwright Team                                                      ║
    ╚═════════════════════════════════════════════════════════════════════════╝
]]>
</failure>
</testcase>
<testcase name="Accessibilité - ARIA &amp; Sémantique › les formulaires devraient avoir des labels" classname="accessibility.spec.ts" time="0.016">
<failure message="accessibility.spec.ts:208:3 les formulaires devraient avoir des labels" type="FAILURE">
<![CDATA[  [firefox] › accessibility.spec.ts:208:3 › Accessibilité - ARIA & Sémantique › les formulaires devraient avoir des labels 

    Error: browserType.launch: Executable doesn't exist at C:\Users\SAWADOGO\AppData\Local\ms-playwright\firefox-1495\firefox\firefox.exe
    ╔═════════════════════════════════════════════════════════════════════════╗
    ║ Looks like Playwright Test or Playwright was just installed or updated. ║
    ║ Please run the following command to download new browsers:              ║
    ║                                                                         ║
    ║     npx playwright install                                              ║
    ║                                                                         ║
    ║ <3 Playwright Team                                                      ║
    ╚═════════════════════════════════════════════════════════════════════════╝
]]>
</failure>
</testcase>
<testcase name="Accessibilité - Contraste › le texte devrait avoir un contraste suffisant" classname="accessibility.spec.ts" time="0.013">
<failure message="accessibility.spec.ts:229:3 le texte devrait avoir un contraste suffisant" type="FAILURE">
<![CDATA[  [firefox] › accessibility.spec.ts:229:3 › Accessibilité - Contraste › le texte devrait avoir un contraste suffisant 

    Error: browserType.launch: Executable doesn't exist at C:\Users\SAWADOGO\AppData\Local\ms-playwright\firefox-1495\firefox\firefox.exe
    ╔═════════════════════════════════════════════════════════════════════════╗
    ║ Looks like Playwright Test or Playwright was just installed or updated. ║
    ║ Please run the following command to download new browsers:              ║
    ║                                                                         ║
    ║     npx playwright install                                              ║
    ║                                                                         ║
    ║ <3 Playwright Team                                                      ║
    ╚═════════════════════════════════════════════════════════════════════════╝
]]>
</failure>
</testcase>
<testcase name="Accessibilité - Responsive &amp; Zoom › devrait être utilisable avec zoom 200%" classname="accessibility.spec.ts" time="0.023">
<failure message="accessibility.spec.ts:248:3 devrait être utilisable avec zoom 200%" type="FAILURE">
<![CDATA[  [firefox] › accessibility.spec.ts:248:3 › Accessibilité - Responsive & Zoom › devrait être utilisable avec zoom 200% 

    Error: browserType.launch: Executable doesn't exist at C:\Users\SAWADOGO\AppData\Local\ms-playwright\firefox-1495\firefox\firefox.exe
    ╔═════════════════════════════════════════════════════════════════════════╗
    ║ Looks like Playwright Test or Playwright was just installed or updated. ║
    ║ Please run the following command to download new browsers:              ║
    ║                                                                         ║
    ║     npx playwright install                                              ║
    ║                                                                         ║
    ║ <3 Playwright Team                                                      ║
    ╚═════════════════════════════════════════════════════════════════════════╝
]]>
</failure>
</testcase>
<testcase name="Accessibilité - Responsive &amp; Zoom › devrait être utilisable en mode paysage mobile" classname="accessibility.spec.ts" time="0.014">
<failure message="accessibility.spec.ts:264:3 devrait être utilisable en mode paysage mobile" type="FAILURE">
<![CDATA[  [firefox] › accessibility.spec.ts:264:3 › Accessibilité - Responsive & Zoom › devrait être utilisable en mode paysage mobile 

    Error: browserType.launch: Executable doesn't exist at C:\Users\SAWADOGO\AppData\Local\ms-playwright\firefox-1495\firefox\firefox.exe
    ╔═════════════════════════════════════════════════════════════════════════╗
    ║ Looks like Playwright Test or Playwright was just installed or updated. ║
    ║ Please run the following command to download new browsers:              ║
    ║                                                                         ║
    ║     npx playwright install                                              ║
    ║                                                                         ║
    ║ <3 Playwright Team                                                      ║
    ╚═════════════════════════════════════════════════════════════════════════╝
]]>
</failure>
</testcase>
<testcase name="Accessibilité - Lecteur d&apos;écran › devrait avoir un titre de page descriptif" classname="accessibility.spec.ts" time="0.016">
<failure message="accessibility.spec.ts:279:3 devrait avoir un titre de page descriptif" type="FAILURE">
<![CDATA[  [firefox] › accessibility.spec.ts:279:3 › Accessibilité - Lecteur d'écran › devrait avoir un titre de page descriptif 

    Error: browserType.launch: Executable doesn't exist at C:\Users\SAWADOGO\AppData\Local\ms-playwright\firefox-1495\firefox\firefox.exe
    ╔═════════════════════════════════════════════════════════════════════════╗
    ║ Looks like Playwright Test or Playwright was just installed or updated. ║
    ║ Please run the following command to download new browsers:              ║
    ║                                                                         ║
    ║     npx playwright install                                              ║
    ║                                                                         ║
    ║ <3 Playwright Team                                                      ║
    ╚═════════════════════════════════════════════════════════════════════════╝
]]>
</failure>
</testcase>
<testcase name="Accessibilité - Lecteur d&apos;écran › devrait avoir une hiérarchie de headings correcte" classname="accessibility.spec.ts" time="0.014">
<failure message="accessibility.spec.ts:291:3 devrait avoir une hiérarchie de headings correcte" type="FAILURE">
<![CDATA[  [firefox] › accessibility.spec.ts:291:3 › Accessibilité - Lecteur d'écran › devrait avoir une hiérarchie de headings correcte 

    Error: browserType.launch: Executable doesn't exist at C:\Users\SAWADOGO\AppData\Local\ms-playwright\firefox-1495\firefox\firefox.exe
    ╔═════════════════════════════════════════════════════════════════════════╗
    ║ Looks like Playwright Test or Playwright was just installed or updated. ║
    ║ Please run the following command to download new browsers:              ║
    ║                                                                         ║
    ║     npx playwright install                                              ║
    ║                                                                         ║
    ║ <3 Playwright Team                                                      ║
    ╚═════════════════════════════════════════════════════════════════════════╝
]]>
</failure>
</testcase>
<testcase name="Accessibilité - Lecteur d&apos;écran › le contenu dynamique devrait utiliser aria-live" classname="accessibility.spec.ts" time="0.036">
<failure message="accessibility.spec.ts:320:3 le contenu dynamique devrait utiliser aria-live" type="FAILURE">
<![CDATA[  [firefox] › accessibility.spec.ts:320:3 › Accessibilité - Lecteur d'écran › le contenu dynamique devrait utiliser aria-live 

    Error: browserType.launch: Executable doesn't exist at C:\Users\SAWADOGO\AppData\Local\ms-playwright\firefox-1495\firefox\firefox.exe
    ╔═════════════════════════════════════════════════════════════════════════╗
    ║ Looks like Playwright Test or Playwright was just installed or updated. ║
    ║ Please run the following command to download new browsers:              ║
    ║                                                                         ║
    ║     npx playwright install                                              ║
    ║                                                                         ║
    ║ <3 Playwright Team                                                      ║
    ╚═════════════════════════════════════════════════════════════════════════╝
]]>
</failure>
</testcase>
<testcase name="Accessibilité - Formulaires › les erreurs de validation devraient être annoncées" classname="accessibility.spec.ts" time="0.026">
<failure message="accessibility.spec.ts:334:3 les erreurs de validation devraient être annoncées" type="FAILURE">
<![CDATA[  [firefox] › accessibility.spec.ts:334:3 › Accessibilité - Formulaires › les erreurs de validation devraient être annoncées 

    Error: browserType.launch: Executable doesn't exist at C:\Users\SAWADOGO\AppData\Local\ms-playwright\firefox-1495\firefox\firefox.exe
    ╔═════════════════════════════════════════════════════════════════════════╗
    ║ Looks like Playwright Test or Playwright was just installed or updated. ║
    ║ Please run the following command to download new browsers:              ║
    ║                                                                         ║
    ║     npx playwright install                                              ║
    ║                                                                         ║
    ║ <3 Playwright Team                                                      ║
    ╚═════════════════════════════════════════════════════════════════════════╝
]]>
</failure>
</testcase>
<testcase name="Accessibilité - Formulaires › les champs requis devraient être identifiés" classname="accessibility.spec.ts" time="0.059">
<failure message="accessibility.spec.ts:355:3 les champs requis devraient être identifiés" type="FAILURE">
<![CDATA[  [firefox] › accessibility.spec.ts:355:3 › Accessibilité - Formulaires › les champs requis devraient être identifiés 

    Error: browserType.launch: Executable doesn't exist at C:\Users\SAWADOGO\AppData\Local\ms-playwright\firefox-1495\firefox\firefox.exe
    ╔═════════════════════════════════════════════════════════════════════════╗
    ║ Looks like Playwright Test or Playwright was just installed or updated. ║
    ║ Please run the following command to download new browsers:              ║
    ║                                                                         ║
    ║     npx playwright install                                              ║
    ║                                                                         ║
    ║ <3 Playwright Team                                                      ║
    ╚═════════════════════════════════════════════════════════════════════════╝
]]>
</failure>
</testcase>
</testsuite>
<testsuite name="accessibility.spec.ts" timestamp="2025-12-04T19:39:49.989Z" hostname="webkit" tests="24" failures="24" skipped="0" time="0.512" errors="0">
<testcase name="Accessibilité - Scan Automatique › Accueil - Pas de violations WCAG" classname="accessibility.spec.ts" time="0.038">
<failure message="accessibility.spec.ts:22:5 Accueil - Pas de violations WCAG" type="FAILURE">
<![CDATA[  [webkit] › accessibility.spec.ts:22:5 › Accessibilité - Scan Automatique › Accueil - Pas de violations WCAG 

    Error: browserType.launch: Executable doesn't exist at C:\Users\SAWADOGO\AppData\Local\ms-playwright\webkit-2215\Playwright.exe
    ╔═════════════════════════════════════════════════════════════════════════╗
    ║ Looks like Playwright Test or Playwright was just installed or updated. ║
    ║ Please run the following command to download new browsers:              ║
    ║                                                                         ║
    ║     npx playwright install                                              ║
    ║                                                                         ║
    ║ <3 Playwright Team                                                      ║
    ╚═════════════════════════════════════════════════════════════════════════╝
]]>
</failure>
</testcase>
<testcase name="Accessibilité - Scan Automatique › Marketplace - Pas de violations WCAG" classname="accessibility.spec.ts" time="0.022">
<failure message="accessibility.spec.ts:22:5 Marketplace - Pas de violations WCAG" type="FAILURE">
<![CDATA[  [webkit] › accessibility.spec.ts:22:5 › Accessibilité - Scan Automatique › Marketplace - Pas de violations WCAG 

    Error: browserType.launch: Executable doesn't exist at C:\Users\SAWADOGO\AppData\Local\ms-playwright\webkit-2215\Playwright.exe
    ╔═════════════════════════════════════════════════════════════════════════╗
    ║ Looks like Playwright Test or Playwright was just installed or updated. ║
    ║ Please run the following command to download new browsers:              ║
    ║                                                                         ║
    ║     npx playwright install                                              ║
    ║                                                                         ║
    ║ <3 Playwright Team                                                      ║
    ╚═════════════════════════════════════════════════════════════════════════╝
]]>
</failure>
</testcase>
<testcase name="Accessibilité - Scan Automatique › Authentification - Pas de violations WCAG" classname="accessibility.spec.ts" time="0.015">
<failure message="accessibility.spec.ts:22:5 Authentification - Pas de violations WCAG" type="FAILURE">
<![CDATA[  [webkit] › accessibility.spec.ts:22:5 › Accessibilité - Scan Automatique › Authentification - Pas de violations WCAG 

    Error: browserType.launch: Executable doesn't exist at C:\Users\SAWADOGO\AppData\Local\ms-playwright\webkit-2215\Playwright.exe
    ╔═════════════════════════════════════════════════════════════════════════╗
    ║ Looks like Playwright Test or Playwright was just installed or updated. ║
    ║ Please run the following command to download new browsers:              ║
    ║                                                                         ║
    ║     npx playwright install                                              ║
    ║                                                                         ║
    ║ <3 Playwright Team                                                      ║
    ╚═════════════════════════════════════════════════════════════════════════╝
]]>
</failure>
</testcase>
<testcase name="Accessibilité - Scan Automatique › Dashboard - Pas de violations WCAG" classname="accessibility.spec.ts" time="0.012">
<failure message="accessibility.spec.ts:22:5 Dashboard - Pas de violations WCAG" type="FAILURE">
<![CDATA[  [webkit] › accessibility.spec.ts:22:5 › Accessibilité - Scan Automatique › Dashboard - Pas de violations WCAG 

    Error: browserType.launch: Executable doesn't exist at C:\Users\SAWADOGO\AppData\Local\ms-playwright\webkit-2215\Playwright.exe
    ╔═════════════════════════════════════════════════════════════════════════╗
    ║ Looks like Playwright Test or Playwright was just installed or updated. ║
    ║ Please run the following command to download new browsers:              ║
    ║                                                                         ║
    ║     npx playwright install                                              ║
    ║                                                                         ║
    ║ <3 Playwright Team                                                      ║
    ╚═════════════════════════════════════════════════════════════════════════╝
]]>
</failure>
</testcase>
<testcase name="Accessibilité - Scan Automatique › Produits - Pas de violations WCAG" classname="accessibility.spec.ts" time="0.012">
<failure message="accessibility.spec.ts:22:5 Produits - Pas de violations WCAG" type="FAILURE">
<![CDATA[  [webkit] › accessibility.spec.ts:22:5 › Accessibilité - Scan Automatique › Produits - Pas de violations WCAG 

    Error: browserType.launch: Executable doesn't exist at C:\Users\SAWADOGO\AppData\Local\ms-playwright\webkit-2215\Playwright.exe
    ╔═════════════════════════════════════════════════════════════════════════╗
    ║ Looks like Playwright Test or Playwright was just installed or updated. ║
    ║ Please run the following command to download new browsers:              ║
    ║                                                                         ║
    ║     npx playwright install                                              ║
    ║                                                                         ║
    ║ <3 Playwright Team                                                      ║
    ╚═════════════════════════════════════════════════════════════════════════╝
]]>
</failure>
</testcase>
<testcase name="Accessibilité - Scan Automatique › Commandes - Pas de violations WCAG" classname="accessibility.spec.ts" time="0.013">
<failure message="accessibility.spec.ts:22:5 Commandes - Pas de violations WCAG" type="FAILURE">
<![CDATA[  [webkit] › accessibility.spec.ts:22:5 › Accessibilité - Scan Automatique › Commandes - Pas de violations WCAG 

    Error: browserType.launch: Executable doesn't exist at C:\Users\SAWADOGO\AppData\Local\ms-playwright\webkit-2215\Playwright.exe
    ╔═════════════════════════════════════════════════════════════════════════╗
    ║ Looks like Playwright Test or Playwright was just installed or updated. ║
    ║ Please run the following command to download new browsers:              ║
    ║                                                                         ║
    ║     npx playwright install                                              ║
    ║                                                                         ║
    ║ <3 Playwright Team                                                      ║
    ╚═════════════════════════════════════════════════════════════════════════╝
]]>
</failure>
</testcase>
<testcase name="Accessibilité - Navigation Clavier › devrait pouvoir naviguer avec Tab" classname="accessibility.spec.ts" time="0.014">
<failure message="accessibility.spec.ts:38:3 devrait pouvoir naviguer avec Tab" type="FAILURE">
<![CDATA[  [webkit] › accessibility.spec.ts:38:3 › Accessibilité - Navigation Clavier › devrait pouvoir naviguer avec Tab 

    Error: browserType.launch: Executable doesn't exist at C:\Users\SAWADOGO\AppData\Local\ms-playwright\webkit-2215\Playwright.exe
    ╔═════════════════════════════════════════════════════════════════════════╗
    ║ Looks like Playwright Test or Playwright was just installed or updated. ║
    ║ Please run the following command to download new browsers:              ║
    ║                                                                         ║
    ║     npx playwright install                                              ║
    ║                                                                         ║
    ║ <3 Playwright Team                                                      ║
    ╚═════════════════════════════════════════════════════════════════════════╝
]]>
</failure>
</testcase>
<testcase name="Accessibilité - Navigation Clavier › devrait pouvoir naviguer en arrière avec Shift+Tab" classname="accessibility.spec.ts" time="0.011">
<failure message="accessibility.spec.ts:53:3 devrait pouvoir naviguer en arrière avec Shift+Tab" type="FAILURE">
<![CDATA[  [webkit] › accessibility.spec.ts:53:3 › Accessibilité - Navigation Clavier › devrait pouvoir naviguer en arrière avec Shift+Tab 

    Error: browserType.launch: Executable doesn't exist at C:\Users\SAWADOGO\AppData\Local\ms-playwright\webkit-2215\Playwright.exe
    ╔═════════════════════════════════════════════════════════════════════════╗
    ║ Looks like Playwright Test or Playwright was just installed or updated. ║
    ║ Please run the following command to download new browsers:              ║
    ║                                                                         ║
    ║     npx playwright install                                              ║
    ║                                                                         ║
    ║ <3 Playwright Team                                                      ║
    ╚═════════════════════════════════════════════════════════════════════════╝
]]>
</failure>
</testcase>
<testcase name="Accessibilité - Navigation Clavier › devrait pouvoir activer les liens avec Enter" classname="accessibility.spec.ts" time="0.015">
<failure message="accessibility.spec.ts:66:3 devrait pouvoir activer les liens avec Enter" type="FAILURE">
<![CDATA[  [webkit] › accessibility.spec.ts:66:3 › Accessibilité - Navigation Clavier › devrait pouvoir activer les liens avec Enter 

    Error: browserType.launch: Executable doesn't exist at C:\Users\SAWADOGO\AppData\Local\ms-playwright\webkit-2215\Playwright.exe
    ╔═════════════════════════════════════════════════════════════════════════╗
    ║ Looks like Playwright Test or Playwright was just installed or updated. ║
    ║ Please run the following command to download new browsers:              ║
    ║                                                                         ║
    ║     npx playwright install                                              ║
    ║                                                                         ║
    ║ <3 Playwright Team                                                      ║
    ╚═════════════════════════════════════════════════════════════════════════╝
]]>
</failure>
</testcase>
<testcase name="Accessibilité - Navigation Clavier › devrait pouvoir activer les boutons avec Space" classname="accessibility.spec.ts" time="0.019">
<failure message="accessibility.spec.ts:87:3 devrait pouvoir activer les boutons avec Space" type="FAILURE">
<![CDATA[  [webkit] › accessibility.spec.ts:87:3 › Accessibilité - Navigation Clavier › devrait pouvoir activer les boutons avec Space 

    Error: browserType.launch: Executable doesn't exist at C:\Users\SAWADOGO\AppData\Local\ms-playwright\webkit-2215\Playwright.exe
    ╔═════════════════════════════════════════════════════════════════════════╗
    ║ Looks like Playwright Test or Playwright was just installed or updated. ║
    ║ Please run the following command to download new browsers:              ║
    ║                                                                         ║
    ║     npx playwright install                                              ║
    ║                                                                         ║
    ║ <3 Playwright Team                                                      ║
    ╚═════════════════════════════════════════════════════════════════════════╝
]]>
</failure>
</testcase>
<testcase name="Accessibilité - Navigation Clavier › devrait avoir un indicateur de focus visible" classname="accessibility.spec.ts" time="0.012">
<failure message="accessibility.spec.ts:112:3 devrait avoir un indicateur de focus visible" type="FAILURE">
<![CDATA[  [webkit] › accessibility.spec.ts:112:3 › Accessibilité - Navigation Clavier › devrait avoir un indicateur de focus visible 

    Error: browserType.launch: Executable doesn't exist at C:\Users\SAWADOGO\AppData\Local\ms-playwright\webkit-2215\Playwright.exe
    ╔═════════════════════════════════════════════════════════════════════════╗
    ║ Looks like Playwright Test or Playwright was just installed or updated. ║
    ║ Please run the following command to download new browsers:              ║
    ║                                                                         ║
    ║     npx playwright install                                              ║
    ║                                                                         ║
    ║ <3 Playwright Team                                                      ║
    ╚═════════════════════════════════════════════════════════════════════════╝
]]>
</failure>
</testcase>
<testcase name="Accessibilité - ARIA &amp; Sémantique › devrait avoir des landmarks ARIA" classname="accessibility.spec.ts" time="0.014">
<failure message="accessibility.spec.ts:141:3 devrait avoir des landmarks ARIA" type="FAILURE">
<![CDATA[  [webkit] › accessibility.spec.ts:141:3 › Accessibilité - ARIA & Sémantique › devrait avoir des landmarks ARIA 

    Error: browserType.launch: Executable doesn't exist at C:\Users\SAWADOGO\AppData\Local\ms-playwright\webkit-2215\Playwright.exe
    ╔═════════════════════════════════════════════════════════════════════════╗
    ║ Looks like Playwright Test or Playwright was just installed or updated. ║
    ║ Please run the following command to download new browsers:              ║
    ║                                                                         ║
    ║     npx playwright install                                              ║
    ║                                                                         ║
    ║ <3 Playwright Team                                                      ║
    ╚═════════════════════════════════════════════════════════════════════════╝
]]>
</failure>
</testcase>
<testcase name="Accessibilité - ARIA &amp; Sémantique › les images devraient avoir des attributs alt" classname="accessibility.spec.ts" time="0.022">
<failure message="accessibility.spec.ts:159:3 les images devraient avoir des attributs alt" type="FAILURE">
<![CDATA[  [webkit] › accessibility.spec.ts:159:3 › Accessibilité - ARIA & Sémantique › les images devraient avoir des attributs alt 

    Error: browserType.launch: Executable doesn't exist at C:\Users\SAWADOGO\AppData\Local\ms-playwright\webkit-2215\Playwright.exe
    ╔═════════════════════════════════════════════════════════════════════════╗
    ║ Looks like Playwright Test or Playwright was just installed or updated. ║
    ║ Please run the following command to download new browsers:              ║
    ║                                                                         ║
    ║     npx playwright install                                              ║
    ║                                                                         ║
    ║ <3 Playwright Team                                                      ║
    ╚═════════════════════════════════════════════════════════════════════════╝
]]>
</failure>
</testcase>
<testcase name="Accessibilité - ARIA &amp; Sémantique › les boutons devraient avoir des labels accessibles" classname="accessibility.spec.ts" time="0.021">
<failure message="accessibility.spec.ts:170:3 les boutons devraient avoir des labels accessibles" type="FAILURE">
<![CDATA[  [webkit] › accessibility.spec.ts:170:3 › Accessibilité - ARIA & Sémantique › les boutons devraient avoir des labels accessibles 

    Error: browserType.launch: Executable doesn't exist at C:\Users\SAWADOGO\AppData\Local\ms-playwright\webkit-2215\Playwright.exe
    ╔═════════════════════════════════════════════════════════════════════════╗
    ║ Looks like Playwright Test or Playwright was just installed or updated. ║
    ║ Please run the following command to download new browsers:              ║
    ║                                                                         ║
    ║     npx playwright install                                              ║
    ║                                                                         ║
    ║ <3 Playwright Team                                                      ║
    ╚═════════════════════════════════════════════════════════════════════════╝
]]>
</failure>
</testcase>
<testcase name="Accessibilité - ARIA &amp; Sémantique › les liens devraient avoir du texte accessible" classname="accessibility.spec.ts" time="0.015">
<failure message="accessibility.spec.ts:190:3 les liens devraient avoir du texte accessible" type="FAILURE">
<![CDATA[  [webkit] › accessibility.spec.ts:190:3 › Accessibilité - ARIA & Sémantique › les liens devraient avoir du texte accessible 

    Error: browserType.launch: Executable doesn't exist at C:\Users\SAWADOGO\AppData\Local\ms-playwright\webkit-2215\Playwright.exe
    ╔═════════════════════════════════════════════════════════════════════════╗
    ║ Looks like Playwright Test or Playwright was just installed or updated. ║
    ║ Please run the following command to download new browsers:              ║
    ║                                                                         ║
    ║     npx playwright install                                              ║
    ║                                                                         ║
    ║ <3 Playwright Team                                                      ║
    ╚═════════════════════════════════════════════════════════════════════════╝
]]>
</failure>
</testcase>
<testcase name="Accessibilité - ARIA &amp; Sémantique › les formulaires devraient avoir des labels" classname="accessibility.spec.ts" time="0.011">
<failure message="accessibility.spec.ts:208:3 les formulaires devraient avoir des labels" type="FAILURE">
<![CDATA[  [webkit] › accessibility.spec.ts:208:3 › Accessibilité - ARIA & Sémantique › les formulaires devraient avoir des labels 

    Error: browserType.launch: Executable doesn't exist at C:\Users\SAWADOGO\AppData\Local\ms-playwright\webkit-2215\Playwright.exe
    ╔═════════════════════════════════════════════════════════════════════════╗
    ║ Looks like Playwright Test or Playwright was just installed or updated. ║
    ║ Please run the following command to download new browsers:              ║
    ║                                                                         ║
    ║     npx playwright install                                              ║
    ║                                                                         ║
    ║ <3 Playwright Team                                                      ║
    ╚═════════════════════════════════════════════════════════════════════════╝
]]>
</failure>
</testcase>
<testcase name="Accessibilité - Contraste › le texte devrait avoir un contraste suffisant" classname="accessibility.spec.ts" time="0.018">
<failure message="accessibility.spec.ts:229:3 le texte devrait avoir un contraste suffisant" type="FAILURE">
<![CDATA[  [webkit] › accessibility.spec.ts:229:3 › Accessibilité - Contraste › le texte devrait avoir un contraste suffisant 

    Error: browserType.launch: Executable doesn't exist at C:\Users\SAWADOGO\AppData\Local\ms-playwright\webkit-2215\Playwright.exe
    ╔═════════════════════════════════════════════════════════════════════════╗
    ║ Looks like Playwright Test or Playwright was just installed or updated. ║
    ║ Please run the following command to download new browsers:              ║
    ║                                                                         ║
    ║     npx playwright install                                              ║
    ║                                                                         ║
    ║ <3 Playwright Team                                                      ║
    ╚═════════════════════════════════════════════════════════════════════════╝
]]>
</failure>
</testcase>
<testcase name="Accessibilité - Responsive &amp; Zoom › devrait être utilisable avec zoom 200%" classname="accessibility.spec.ts" time="0.017">
<failure message="accessibility.spec.ts:248:3 devrait être utilisable avec zoom 200%" type="FAILURE">
<![CDATA[  [webkit] › accessibility.spec.ts:248:3 › Accessibilité - Responsive & Zoom › devrait être utilisable avec zoom 200% 

    Error: browserType.launch: Executable doesn't exist at C:\Users\SAWADOGO\AppData\Local\ms-playwright\webkit-2215\Playwright.exe
    ╔═════════════════════════════════════════════════════════════════════════╗
    ║ Looks like Playwright Test or Playwright was just installed or updated. ║
    ║ Please run the following command to download new browsers:              ║
    ║                                                                         ║
    ║     npx playwright install                                              ║
    ║                                                                         ║
    ║ <3 Playwright Team                                                      ║
    ╚═════════════════════════════════════════════════════════════════════════╝
]]>
</failure>
</testcase>
<testcase name="Accessibilité - Responsive &amp; Zoom › devrait être utilisable en mode paysage mobile" classname="accessibility.spec.ts" time="0.025">
<failure message="accessibility.spec.ts:264:3 devrait être utilisable en mode paysage mobile" type="FAILURE">
<![CDATA[  [webkit] › accessibility.spec.ts:264:3 › Accessibilité - Responsive & Zoom › devrait être utilisable en mode paysage mobile 

    Error: browserType.launch: Executable doesn't exist at C:\Users\SAWADOGO\AppData\Local\ms-playwright\webkit-2215\Playwright.exe
    ╔═════════════════════════════════════════════════════════════════════════╗
    ║ Looks like Playwright Test or Playwright was just installed or updated. ║
    ║ Please run the following command to download new browsers:              ║
    ║                                                                         ║
    ║     npx playwright install                                              ║
    ║                                                                         ║
    ║ <3 Playwright Team                                                      ║
    ╚═════════════════════════════════════════════════════════════════════════╝
]]>
</failure>
</testcase>
<testcase name="Accessibilité - Lecteur d&apos;écran › devrait avoir un titre de page descriptif" classname="accessibility.spec.ts" time="0.043">
<failure message="accessibility.spec.ts:279:3 devrait avoir un titre de page descriptif" type="FAILURE">
<![CDATA[  [webkit] › accessibility.spec.ts:279:3 › Accessibilité - Lecteur d'écran › devrait avoir un titre de page descriptif 

    Error: browserType.launch: Executable doesn't exist at C:\Users\SAWADOGO\AppData\Local\ms-playwright\webkit-2215\Playwright.exe
    ╔═════════════════════════════════════════════════════════════════════════╗
    ║ Looks like Playwright Test or Playwright was just installed or updated. ║
    ║ Please run the following command to download new browsers:              ║
    ║                                                                         ║
    ║     npx playwright install                                              ║
    ║                                                                         ║
    ║ <3 Playwright Team                                                      ║
    ╚═════════════════════════════════════════════════════════════════════════╝
]]>
</failure>
</testcase>
<testcase name="Accessibilité - Lecteur d&apos;écran › devrait avoir une hiérarchie de headings correcte" classname="accessibility.spec.ts" time="0.023">
<failure message="accessibility.spec.ts:291:3 devrait avoir une hiérarchie de headings correcte" type="FAILURE">
<![CDATA[  [webkit] › accessibility.spec.ts:291:3 › Accessibilité - Lecteur d'écran › devrait avoir une hiérarchie de headings correcte 

    Error: browserType.launch: Executable doesn't exist at C:\Users\SAWADOGO\AppData\Local\ms-playwright\webkit-2215\Playwright.exe
    ╔═════════════════════════════════════════════════════════════════════════╗
    ║ Looks like Playwright Test or Playwright was just installed or updated. ║
    ║ Please run the following command to download new browsers:              ║
    ║                                                                         ║
    ║     npx playwright install                                              ║
    ║                                                                         ║
    ║ <3 Playwright Team                                                      ║
    ╚═════════════════════════════════════════════════════════════════════════╝
]]>
</failure>
</testcase>
<testcase name="Accessibilité - Lecteur d&apos;écran › le contenu dynamique devrait utiliser aria-live" classname="accessibility.spec.ts" time="0.081">
<failure message="accessibility.spec.ts:320:3 le contenu dynamique devrait utiliser aria-live" type="FAILURE">
<![CDATA[  [webkit] › accessibility.spec.ts:320:3 › Accessibilité - Lecteur d'écran › le contenu dynamique devrait utiliser aria-live 

    Error: browserType.launch: Executable doesn't exist at C:\Users\SAWADOGO\AppData\Local\ms-playwright\webkit-2215\Playwright.exe
    ╔═════════════════════════════════════════════════════════════════════════╗
    ║ Looks like Playwright Test or Playwright was just installed or updated. ║
    ║ Please run the following command to download new browsers:              ║
    ║                                                                         ║
    ║     npx playwright install                                              ║
    ║                                                                         ║
    ║ <3 Playwright Team                                                      ║
    ╚═════════════════════════════════════════════════════════════════════════╝
]]>
</failure>
</testcase>
<testcase name="Accessibilité - Formulaires › les erreurs de validation devraient être annoncées" classname="accessibility.spec.ts" time="0.017">
<failure message="accessibility.spec.ts:334:3 les erreurs de validation devraient être annoncées" type="FAILURE">
<![CDATA[  [webkit] › accessibility.spec.ts:334:3 › Accessibilité - Formulaires › les erreurs de validation devraient être annoncées 

    Error: browserType.launch: Executable doesn't exist at C:\Users\SAWADOGO\AppData\Local\ms-playwright\webkit-2215\Playwright.exe
    ╔═════════════════════════════════════════════════════════════════════════╗
    ║ Looks like Playwright Test or Playwright was just installed or updated. ║
    ║ Please run the following command to download new browsers:              ║
    ║                                                                         ║
    ║     npx playwright install                                              ║
    ║                                                                         ║
    ║ <3 Playwright Team                                                      ║
    ╚═════════════════════════════════════════════════════════════════════════╝
]]>
</failure>
</testcase>
<testcase name="Accessibilité - Formulaires › les champs requis devraient être identifiés" classname="accessibility.spec.ts" time="0.022">
<failure message="accessibility.spec.ts:355:3 les champs requis devraient être identifiés" type="FAILURE">
<![CDATA[  [webkit] › accessibility.spec.ts:355:3 › Accessibilité - Formulaires › les champs requis devraient être identifiés 

    Error: browserType.launch: Executable doesn't exist at C:\Users\SAWADOGO\AppData\Local\ms-playwright\webkit-2215\Playwright.exe
    ╔═════════════════════════════════════════════════════════════════════════╗
    ║ Looks like Playwright Test or Playwright was just installed or updated. ║
    ║ Please run the following command to download new browsers:              ║
    ║                                                                         ║
    ║     npx playwright install                                              ║
    ║                                                                         ║
    ║ <3 Playwright Team                                                      ║
    ╚═════════════════════════════════════════════════════════════════════════╝
]]>
</failure>
</testcase>
</testsuite>
<testsuite name="accessibility.spec.ts" timestamp="2025-12-04T19:39:49.989Z" hostname="Mobile Chrome" tests="24" failures="8" skipped="0" time="295.945" errors="0">
<testcase name="Accessibilité - Scan Automatique › Accueil - Pas de violations WCAG" classname="accessibility.spec.ts" time="99.808">
<failure message="accessibility.spec.ts:22:5 Accueil - Pas de violations WCAG" type="FAILURE">
<![CDATA[  [Mobile Chrome] › accessibility.spec.ts:22:5 › Accessibilité - Scan Automatique › Accueil - Pas de violations WCAG 

    Test timeout of 60000ms exceeded.

    Error: frame.evaluate: Test timeout of 60000ms exceeded.

      25 |       
      26 |       // Scanner la page avec axe-core
    > 27 |       const accessibilityScanResults = await new AxeBuilder({ page: testPage })
         |                                        ^
      28 |         .withTags(['wcag2a', 'wcag2aa', 'wcag21a', 'wcag21aa'])
      29 |         .analyze();
      30 |       
        at AxeBuilder.runPartialRecursive (C:\Users\SAWADOGO\Desktop\emarzona\node_modules\@axe-core\playwright\dist\index.mjs:283:34)
        at AxeBuilder.analyze (C:\Users\SAWADOGO\Desktop\emarzona\node_modules\@axe-core\playwright\dist\index.mjs:210:28)
        at C:\Users\SAWADOGO\Desktop\emarzona\tests\accessibility.spec.ts:27:40

    attachment #1: video (video/webm) ──────────────────────────────────────────────────────────────
    ..\test-results\accessibility-Accessibilit-7267c-il---Pas-de-violations-WCAG-Mobile-Chrome\video.webm
    ────────────────────────────────────────────────────────────────────────────────────────────────

    Error Context: ..\test-results\accessibility-Accessibilit-7267c-il---Pas-de-violations-WCAG-Mobile-Chrome\error-context.md
]]>
</failure>
<system-out>
<![CDATA[
[[ATTACHMENT|accessibility-Accessibilit-7267c-il---Pas-de-violations-WCAG-Mobile-Chrome\video.webm]]

[[ATTACHMENT|accessibility-Accessibilit-7267c-il---Pas-de-violations-WCAG-Mobile-Chrome\error-context.md]]
]]>
</system-out>
</testcase>
<testcase name="Accessibilité - Scan Automatique › Marketplace - Pas de violations WCAG" classname="accessibility.spec.ts" time="80.091">
<failure message="accessibility.spec.ts:22:5 Marketplace - Pas de violations WCAG" type="FAILURE">
<![CDATA[  [Mobile Chrome] › accessibility.spec.ts:22:5 › Accessibilité - Scan Automatique › Marketplace - Pas de violations WCAG 

    Test timeout of 60000ms exceeded.

    Error: frame.evaluate: Test timeout of 60000ms exceeded.

      25 |       
      26 |       // Scanner la page avec axe-core
    > 27 |       const accessibilityScanResults = await new AxeBuilder({ page: testPage })
         |                                        ^
      28 |         .withTags(['wcag2a', 'wcag2aa', 'wcag21a', 'wcag21aa'])
      29 |         .analyze();
      30 |       
        at AxeBuilder.runPartialRecursive (C:\Users\SAWADOGO\Desktop\emarzona\node_modules\@axe-core\playwright\dist\index.mjs:283:34)
        at AxeBuilder.analyze (C:\Users\SAWADOGO\Desktop\emarzona\node_modules\@axe-core\playwright\dist\index.mjs:210:28)
        at C:\Users\SAWADOGO\Desktop\emarzona\tests\accessibility.spec.ts:27:40

    attachment #1: video (video/webm) ──────────────────────────────────────────────────────────────
    ..\test-results\accessibility-Accessibilit-8e0c9-ce---Pas-de-violations-WCAG-Mobile-Chrome\video.webm
    ────────────────────────────────────────────────────────────────────────────────────────────────
]]>
</failure>
<system-out>
<![CDATA[
[[ATTACHMENT|accessibility-Accessibilit-8e0c9-ce---Pas-de-violations-WCAG-Mobile-Chrome\video.webm]]
]]>
</system-out>
</testcase>
<testcase name="Accessibilité - Scan Automatique › Authentification - Pas de violations WCAG" classname="accessibility.spec.ts" time="10.459">
<failure message="accessibility.spec.ts:22:5 Authentification - Pas de violations WCAG" type="FAILURE">
<![CDATA[  [Mobile Chrome] › accessibility.spec.ts:22:5 › Accessibilité - Scan Automatique › Authentification - Pas de violations WCAG 

    Error: expect(received).toEqual(expected) // deep equality

    - Expected  -  1
    + Received  + 86

    - Array []
    + Array [
    +   Object {
    +     "description": "Ensure elements that have scrollable content are accessible by keyboard",
    +     "help": "Scrollable region must have keyboard access",
    +     "helpUrl": "https://dequeuniversity.com/rules/axe/4.11/scrollable-region-focusable?application=playwright",
    +     "id": "scrollable-region-focusable",
    +     "impact": "serious",
    +     "nodes": Array [
    +       Object {
    +         "all": Array [],
    +         "any": Array [
    +           Object {
    +             "data": null,
    +             "id": "focusable-content",
    +             "impact": "serious",
    +             "message": "Element should have focusable content",
    +             "relatedNodes": Array [],
    +           },
    +           Object {
    +             "data": null,
    +             "id": "focusable-element",
    +             "impact": "serious",
    +             "message": "Element should be focusable",
    +             "relatedNodes": Array [],
    +           },
    +         ],
    +         "failureSummary": "Fix any of the following:
    +   Element should have focusable content
    +   Element should be focusable",
    +         "html": "<pre class=\"message\" part=\"message\"><span class=\"plugin\" part=\"plugin\">[plugin:vite:css] </span><span class=\"message-body\" part=\"message-body\">[postcss] ENOENT: no such file or directory, open 'C:\\Users\\SAWADOGO\\Desktop\\emarzona\\src\\hooks\\use-stable-dropdown-position.tsx'</span></pre>",
    +         "impact": "serious",
    +         "none": Array [],
    +         "target": Array [
    +           Array [
    +             "vite-error-overlay",
    +             ".message",
    +           ],
    +         ],
    +       },
    +       Object {
    +         "all": Array [],
    +         "any": Array [
    +           Object {
    +             "data": null,
    +             "id": "focusable-content",
    +             "impact": "serious",
    +             "message": "Element should have focusable content",
    +             "relatedNodes": Array [],
    +           },
    +           Object {
    +             "data": null,
    +             "id": "focusable-element",
    +             "impact": "serious",
    +             "message": "Element should be focusable",
    +             "relatedNodes": Array [],
    +           },
    +         ],
    +         "failureSummary": "Fix any of the following:
    +   Element should have focusable content
    +   Element should be focusable",
    +         "html": "<pre class=\"stack\" part=\"stack\">",
    +         "impact": "serious",
    +         "none": Array [],
    +         "target": Array [
    +           Array [
    +             "vite-error-overlay",
    +             ".stack",
    +           ],
    +         ],
    +       },
    +     ],
    +     "tags": Array [
    +       "cat.keyboard",
    +       "wcag2a",
    +       "wcag211",
    +       "wcag213",
    +       "TTv5",
    +       "TT4.a",
    +       "EN-301-549",
    +       "EN-9.2.1.1",
    +       "EN-9.2.1.3",
    +       "RGAAv4",
    +       "RGAA-7.3.2",
    +     ],
    +   },
    + ]

      30 |       
      31 |       // Vérifier qu'il n'y a pas de violations
    > 32 |       expect(accessibilityScanResults.violations).toEqual([]);
         |                                                   ^
      33 |     });
      34 |   });
      35 | });
        at C:\Users\SAWADOGO\Desktop\emarzona\tests\accessibility.spec.ts:32:51

    attachment #1: screenshot (image/png) ──────────────────────────────────────────────────────────
    ..\test-results\accessibility-Accessibilit-8b69f-on---Pas-de-violations-WCAG-Mobile-Chrome\test-failed-1.png
    ────────────────────────────────────────────────────────────────────────────────────────────────

    attachment #2: video (video/webm) ──────────────────────────────────────────────────────────────
    ..\test-results\accessibility-Accessibilit-8b69f-on---Pas-de-violations-WCAG-Mobile-Chrome\video.webm
    ────────────────────────────────────────────────────────────────────────────────────────────────

    attachment #3: video (video/webm) ──────────────────────────────────────────────────────────────
    ..\test-results\accessibility-Accessibilit-8b69f-on---Pas-de-violations-WCAG-Mobile-Chrome\video-1.webm
    ────────────────────────────────────────────────────────────────────────────────────────────────

    Error Context: ..\test-results\accessibility-Accessibilit-8b69f-on---Pas-de-violations-WCAG-Mobile-Chrome\error-context.md
]]>
</failure>
<system-out>
<![CDATA[
[[ATTACHMENT|accessibility-Accessibilit-8b69f-on---Pas-de-violations-WCAG-Mobile-Chrome\test-failed-1.png]]

[[ATTACHMENT|accessibility-Accessibilit-8b69f-on---Pas-de-violations-WCAG-Mobile-Chrome\video.webm]]

[[ATTACHMENT|accessibility-Accessibilit-8b69f-on---Pas-de-violations-WCAG-Mobile-Chrome\video-1.webm]]

[[ATTACHMENT|accessibility-Accessibilit-8b69f-on---Pas-de-violations-WCAG-Mobile-Chrome\error-context.md]]
]]>
</system-out>
</testcase>
<testcase name="Accessibilité - Scan Automatique › Dashboard - Pas de violations WCAG" classname="accessibility.spec.ts" time="12.574">
<failure message="accessibility.spec.ts:22:5 Dashboard - Pas de violations WCAG" type="FAILURE">
<![CDATA[  [Mobile Chrome] › accessibility.spec.ts:22:5 › Accessibilité - Scan Automatique › Dashboard - Pas de violations WCAG 

    Error: expect(received).toEqual(expected) // deep equality

    - Expected  -  1
    + Received  + 86

    - Array []
    + Array [
    +   Object {
    +     "description": "Ensure elements that have scrollable content are accessible by keyboard",
    +     "help": "Scrollable region must have keyboard access",
    +     "helpUrl": "https://dequeuniversity.com/rules/axe/4.11/scrollable-region-focusable?application=playwright",
    +     "id": "scrollable-region-focusable",
    +     "impact": "serious",
    +     "nodes": Array [
    +       Object {
    +         "all": Array [],
    +         "any": Array [
    +           Object {
    +             "data": null,
    +             "id": "focusable-content",
    +             "impact": "serious",
    +             "message": "Element should have focusable content",
    +             "relatedNodes": Array [],
    +           },
    +           Object {
    +             "data": null,
    +             "id": "focusable-element",
    +             "impact": "serious",
    +             "message": "Element should be focusable",
    +             "relatedNodes": Array [],
    +           },
    +         ],
    +         "failureSummary": "Fix any of the following:
    +   Element should have focusable content
    +   Element should be focusable",
    +         "html": "<pre class=\"message\" part=\"message\"><span class=\"plugin\" part=\"plugin\">[plugin:vite:css] </span><span class=\"message-body\" part=\"message-body\">[postcss] ENOENT: no such file or directory, open 'C:\\Users\\SAWADOGO\\Desktop\\emarzona\\src\\hooks\\use-stable-dropdown-position.tsx'</span></pre>",
    +         "impact": "serious",
    +         "none": Array [],
    +         "target": Array [
    +           Array [
    +             "vite-error-overlay",
    +             ".message",
    +           ],
    +         ],
    +       },
    +       Object {
    +         "all": Array [],
    +         "any": Array [
    +           Object {
    +             "data": null,
    +             "id": "focusable-content",
    +             "impact": "serious",
    +             "message": "Element should have focusable content",
    +             "relatedNodes": Array [],
    +           },
    +           Object {
    +             "data": null,
    +             "id": "focusable-element",
    +             "impact": "serious",
    +             "message": "Element should be focusable",
    +             "relatedNodes": Array [],
    +           },
    +         ],
    +         "failureSummary": "Fix any of the following:
    +   Element should have focusable content
    +   Element should be focusable",
    +         "html": "<pre class=\"stack\" part=\"stack\">",
    +         "impact": "serious",
    +         "none": Array [],
    +         "target": Array [
    +           Array [
    +             "vite-error-overlay",
    +             ".stack",
    +           ],
    +         ],
    +       },
    +     ],
    +     "tags": Array [
    +       "cat.keyboard",
    +       "wcag2a",
    +       "wcag211",
    +       "wcag213",
    +       "TTv5",
    +       "TT4.a",
    +       "EN-301-549",
    +       "EN-9.2.1.1",
    +       "EN-9.2.1.3",
    +       "RGAAv4",
    +       "RGAA-7.3.2",
    +     ],
    +   },
    + ]

      30 |       
      31 |       // Vérifier qu'il n'y a pas de violations
    > 32 |       expect(accessibilityScanResults.violations).toEqual([]);
         |                                                   ^
      33 |     });
      34 |   });
      35 | });
        at C:\Users\SAWADOGO\Desktop\emarzona\tests\accessibility.spec.ts:32:51

    attachment #1: screenshot (image/png) ──────────────────────────────────────────────────────────
    ..\test-results\accessibility-Accessibilit-5efa0-rd---Pas-de-violations-WCAG-Mobile-Chrome\test-failed-1.png
    ────────────────────────────────────────────────────────────────────────────────────────────────

    attachment #2: video (video/webm) ──────────────────────────────────────────────────────────────
    ..\test-results\accessibility-Accessibilit-5efa0-rd---Pas-de-violations-WCAG-Mobile-Chrome\video-1.webm
    ────────────────────────────────────────────────────────────────────────────────────────────────

    attachment #3: video (video/webm) ──────────────────────────────────────────────────────────────
    ..\test-results\accessibility-Accessibilit-5efa0-rd---Pas-de-violations-WCAG-Mobile-Chrome\video.webm
    ────────────────────────────────────────────────────────────────────────────────────────────────

    Error Context: ..\test-results\accessibility-Accessibilit-5efa0-rd---Pas-de-violations-WCAG-Mobile-Chrome\error-context.md
]]>
</failure>
<system-out>
<![CDATA[
[[ATTACHMENT|accessibility-Accessibilit-5efa0-rd---Pas-de-violations-WCAG-Mobile-Chrome\test-failed-1.png]]

[[ATTACHMENT|accessibility-Accessibilit-5efa0-rd---Pas-de-violations-WCAG-Mobile-Chrome\video-1.webm]]

[[ATTACHMENT|accessibility-Accessibilit-5efa0-rd---Pas-de-violations-WCAG-Mobile-Chrome\video.webm]]

[[ATTACHMENT|accessibility-Accessibilit-5efa0-rd---Pas-de-violations-WCAG-Mobile-Chrome\error-context.md]]
]]>
</system-out>
</testcase>
<testcase name="Accessibilité - Scan Automatique › Produits - Pas de violations WCAG" classname="accessibility.spec.ts" time="8.555">
<failure message="accessibility.spec.ts:22:5 Produits - Pas de violations WCAG" type="FAILURE">
<![CDATA[  [Mobile Chrome] › accessibility.spec.ts:22:5 › Accessibilité - Scan Automatique › Produits - Pas de violations WCAG 

    Error: expect(received).toEqual(expected) // deep equality

    - Expected  -  1
    + Received  + 86

    - Array []
    + Array [
    +   Object {
    +     "description": "Ensure elements that have scrollable content are accessible by keyboard",
    +     "help": "Scrollable region must have keyboard access",
    +     "helpUrl": "https://dequeuniversity.com/rules/axe/4.11/scrollable-region-focusable?application=playwright",
    +     "id": "scrollable-region-focusable",
    +     "impact": "serious",
    +     "nodes": Array [
    +       Object {
    +         "all": Array [],
    +         "any": Array [
    +           Object {
    +             "data": null,
    +             "id": "focusable-content",
    +             "impact": "serious",
    +             "message": "Element should have focusable content",
    +             "relatedNodes": Array [],
    +           },
    +           Object {
    +             "data": null,
    +             "id": "focusable-element",
    +             "impact": "serious",
    +             "message": "Element should be focusable",
    +             "relatedNodes": Array [],
    +           },
    +         ],
    +         "failureSummary": "Fix any of the following:
    +   Element should have focusable content
    +   Element should be focusable",
    +         "html": "<pre class=\"message\" part=\"message\"><span class=\"plugin\" part=\"plugin\">[plugin:vite:css] </span><span class=\"message-body\" part=\"message-body\">[postcss] ENOENT: no such file or directory, open 'C:\\Users\\SAWADOGO\\Desktop\\emarzona\\src\\hooks\\use-stable-dropdown-position.tsx'</span></pre>",
    +         "impact": "serious",
    +         "none": Array [],
    +         "target": Array [
    +           Array [
    +             "vite-error-overlay",
    +             ".message",
    +           ],
    +         ],
    +       },
    +       Object {
    +         "all": Array [],
    +         "any": Array [
    +           Object {
    +             "data": null,
    +             "id": "focusable-content",
    +             "impact": "serious",
    +             "message": "Element should have focusable content",
    +             "relatedNodes": Array [],
    +           },
    +           Object {
    +             "data": null,
    +             "id": "focusable-element",
    +             "impact": "serious",
    +             "message": "Element should be focusable",
    +             "relatedNodes": Array [],
    +           },
    +         ],
    +         "failureSummary": "Fix any of the following:
    +   Element should have focusable content
    +   Element should be focusable",
    +         "html": "<pre class=\"stack\" part=\"stack\">",
    +         "impact": "serious",
    +         "none": Array [],
    +         "target": Array [
    +           Array [
    +             "vite-error-overlay",
    +             ".stack",
    +           ],
    +         ],
    +       },
    +     ],
    +     "tags": Array [
    +       "cat.keyboard",
    +       "wcag2a",
    +       "wcag211",
    +       "wcag213",
    +       "TTv5",
    +       "TT4.a",
    +       "EN-301-549",
    +       "EN-9.2.1.1",
    +       "EN-9.2.1.3",
    +       "RGAAv4",
    +       "RGAA-7.3.2",
    +     ],
    +   },
    + ]

      30 |       
      31 |       // Vérifier qu'il n'y a pas de violations
    > 32 |       expect(accessibilityScanResults.violations).toEqual([]);
         |                                                   ^
      33 |     });
      34 |   });
      35 | });
        at C:\Users\SAWADOGO\Desktop\emarzona\tests\accessibility.spec.ts:32:51

    attachment #1: screenshot (image/png) ──────────────────────────────────────────────────────────
    ..\test-results\accessibility-Accessibilit-80814-ts---Pas-de-violations-WCAG-Mobile-Chrome\test-failed-1.png
    ────────────────────────────────────────────────────────────────────────────────────────────────

    attachment #2: video (video/webm) ──────────────────────────────────────────────────────────────
    ..\test-results\accessibility-Accessibilit-80814-ts---Pas-de-violations-WCAG-Mobile-Chrome\video-1.webm
    ────────────────────────────────────────────────────────────────────────────────────────────────

    attachment #3: video (video/webm) ──────────────────────────────────────────────────────────────
    ..\test-results\accessibility-Accessibilit-80814-ts---Pas-de-violations-WCAG-Mobile-Chrome\video.webm
    ────────────────────────────────────────────────────────────────────────────────────────────────

    Error Context: ..\test-results\accessibility-Accessibilit-80814-ts---Pas-de-violations-WCAG-Mobile-Chrome\error-context.md
]]>
</failure>
<system-out>
<![CDATA[
[[ATTACHMENT|accessibility-Accessibilit-80814-ts---Pas-de-violations-WCAG-Mobile-Chrome\test-failed-1.png]]

[[ATTACHMENT|accessibility-Accessibilit-80814-ts---Pas-de-violations-WCAG-Mobile-Chrome\video-1.webm]]

[[ATTACHMENT|accessibility-Accessibilit-80814-ts---Pas-de-violations-WCAG-Mobile-Chrome\video.webm]]

[[ATTACHMENT|accessibility-Accessibilit-80814-ts---Pas-de-violations-WCAG-Mobile-Chrome\error-context.md]]
]]>
</system-out>
</testcase>
<testcase name="Accessibilité - Scan Automatique › Commandes - Pas de violations WCAG" classname="accessibility.spec.ts" time="7.3">
<failure message="accessibility.spec.ts:22:5 Commandes - Pas de violations WCAG" type="FAILURE">
<![CDATA[  [Mobile Chrome] › accessibility.spec.ts:22:5 › Accessibilité - Scan Automatique › Commandes - Pas de violations WCAG 

    Error: expect(received).toEqual(expected) // deep equality

    - Expected  -  1
    + Received  + 86

    - Array []
    + Array [
    +   Object {
    +     "description": "Ensure elements that have scrollable content are accessible by keyboard",
    +     "help": "Scrollable region must have keyboard access",
    +     "helpUrl": "https://dequeuniversity.com/rules/axe/4.11/scrollable-region-focusable?application=playwright",
    +     "id": "scrollable-region-focusable",
    +     "impact": "serious",
    +     "nodes": Array [
    +       Object {
    +         "all": Array [],
    +         "any": Array [
    +           Object {
    +             "data": null,
    +             "id": "focusable-content",
    +             "impact": "serious",
    +             "message": "Element should have focusable content",
    +             "relatedNodes": Array [],
    +           },
    +           Object {
    +             "data": null,
    +             "id": "focusable-element",
    +             "impact": "serious",
    +             "message": "Element should be focusable",
    +             "relatedNodes": Array [],
    +           },
    +         ],
    +         "failureSummary": "Fix any of the following:
    +   Element should have focusable content
    +   Element should be focusable",
    +         "html": "<pre class=\"message\" part=\"message\"><span class=\"plugin\" part=\"plugin\">[plugin:vite:css] </span><span class=\"message-body\" part=\"message-body\">[postcss] ENOENT: no such file or directory, open 'C:\\Users\\SAWADOGO\\Desktop\\emarzona\\src\\hooks\\use-stable-dropdown-position.tsx'</span></pre>",
    +         "impact": "serious",
    +         "none": Array [],
    +         "target": Array [
    +           Array [
    +             "vite-error-overlay",
    +             ".message",
    +           ],
    +         ],
    +       },
    +       Object {
    +         "all": Array [],
    +         "any": Array [
    +           Object {
    +             "data": null,
    +             "id": "focusable-content",
    +             "impact": "serious",
    +             "message": "Element should have focusable content",
    +             "relatedNodes": Array [],
    +           },
    +           Object {
    +             "data": null,
    +             "id": "focusable-element",
    +             "impact": "serious",
    +             "message": "Element should be focusable",
    +             "relatedNodes": Array [],
    +           },
    +         ],
    +         "failureSummary": "Fix any of the following:
    +   Element should have focusable content
    +   Element should be focusable",
    +         "html": "<pre class=\"stack\" part=\"stack\">",
    +         "impact": "serious",
    +         "none": Array [],
    +         "target": Array [
    +           Array [
    +             "vite-error-overlay",
    +             ".stack",
    +           ],
    +         ],
    +       },
    +     ],
    +     "tags": Array [
    +       "cat.keyboard",
    +       "wcag2a",
    +       "wcag211",
    +       "wcag213",
    +       "TTv5",
    +       "TT4.a",
    +       "EN-301-549",
    +       "EN-9.2.1.1",
    +       "EN-9.2.1.3",
    +       "RGAAv4",
    +       "RGAA-7.3.2",
    +     ],
    +   },
    + ]

      30 |       
      31 |       // Vérifier qu'il n'y a pas de violations
    > 32 |       expect(accessibilityScanResults.violations).toEqual([]);
         |                                                   ^
      33 |     });
      34 |   });
      35 | });
        at C:\Users\SAWADOGO\Desktop\emarzona\tests\accessibility.spec.ts:32:51

    attachment #1: screenshot (image/png) ──────────────────────────────────────────────────────────
    ..\test-results\accessibility-Accessibilit-c542d-es---Pas-de-violations-WCAG-Mobile-Chrome\test-failed-1.png
    ────────────────────────────────────────────────────────────────────────────────────────────────

    attachment #2: video (video/webm) ──────────────────────────────────────────────────────────────
    ..\test-results\accessibility-Accessibilit-c542d-es---Pas-de-violations-WCAG-Mobile-Chrome\video.webm
    ────────────────────────────────────────────────────────────────────────────────────────────────

    attachment #3: video (video/webm) ──────────────────────────────────────────────────────────────
    ..\test-results\accessibility-Accessibilit-c542d-es---Pas-de-violations-WCAG-Mobile-Chrome\video-1.webm
    ────────────────────────────────────────────────────────────────────────────────────────────────

    Error Context: ..\test-results\accessibility-Accessibilit-c542d-es---Pas-de-violations-WCAG-Mobile-Chrome\error-context.md
]]>
</failure>
<system-out>
<![CDATA[
[[ATTACHMENT|accessibility-Accessibilit-c542d-es---Pas-de-violations-WCAG-Mobile-Chrome\test-failed-1.png]]

[[ATTACHMENT|accessibility-Accessibilit-c542d-es---Pas-de-violations-WCAG-Mobile-Chrome\video.webm]]

[[ATTACHMENT|accessibility-Accessibilit-c542d-es---Pas-de-violations-WCAG-Mobile-Chrome\video-1.webm]]

[[ATTACHMENT|accessibility-Accessibilit-c542d-es---Pas-de-violations-WCAG-Mobile-Chrome\error-context.md]]
]]>
</system-out>
</testcase>
<testcase name="Accessibilité - Navigation Clavier › devrait pouvoir naviguer avec Tab" classname="accessibility.spec.ts" time="13.675">
</testcase>
<testcase name="Accessibilité - Navigation Clavier › devrait pouvoir naviguer en arrière avec Shift+Tab" classname="accessibility.spec.ts" time="10.068">
</testcase>
<testcase name="Accessibilité - Navigation Clavier › devrait pouvoir activer les liens avec Enter" classname="accessibility.spec.ts" time="3.794">
</testcase>
<testcase name="Accessibilité - Navigation Clavier › devrait pouvoir activer les boutons avec Space" classname="accessibility.spec.ts" time="4.861">
</testcase>
<testcase name="Accessibilité - Navigation Clavier › devrait avoir un indicateur de focus visible" classname="accessibility.spec.ts" time="3.167">
</testcase>
<testcase name="Accessibilité - ARIA &amp; Sémantique › devrait avoir des landmarks ARIA" classname="accessibility.spec.ts" time="2.601">
<failure message="accessibility.spec.ts:141:3 devrait avoir des landmarks ARIA" type="FAILURE">
<![CDATA[  [Mobile Chrome] › accessibility.spec.ts:141:3 › Accessibilité - ARIA & Sémantique › devrait avoir des landmarks ARIA 

    Error: expect(received).toBeTruthy()

    Received: false

      154 |     
      155 |     // Au moins main et nav devraient être présents
    > 156 |     expect(landmarks.main || landmarks.nav).toBeTruthy();
          |                                             ^
      157 |   });
      158 |
      159 |   test('les images devraient avoir des attributs alt', async ({ page }) => {
        at C:\Users\SAWADOGO\Desktop\emarzona\tests\accessibility.spec.ts:156:45

    attachment #1: screenshot (image/png) ──────────────────────────────────────────────────────────
    ..\test-results\accessibility-Accessibilit-5833f-it-avoir-des-landmarks-ARIA-Mobile-Chrome\test-failed-1.png
    ────────────────────────────────────────────────────────────────────────────────────────────────

    attachment #2: video (video/webm) ──────────────────────────────────────────────────────────────
    ..\test-results\accessibility-Accessibilit-5833f-it-avoir-des-landmarks-ARIA-Mobile-Chrome\video.webm
    ────────────────────────────────────────────────────────────────────────────────────────────────
]]>
</failure>
<system-out>
<![CDATA[
[[ATTACHMENT|accessibility-Accessibilit-5833f-it-avoir-des-landmarks-ARIA-Mobile-Chrome\test-failed-1.png]]

[[ATTACHMENT|accessibility-Accessibilit-5833f-it-avoir-des-landmarks-ARIA-Mobile-Chrome\video.webm]]
]]>
</system-out>
</testcase>
<testcase name="Accessibilité - ARIA &amp; Sémantique › les images devraient avoir des attributs alt" classname="accessibility.spec.ts" time="4.697">
</testcase>
<testcase name="Accessibilité - ARIA &amp; Sémantique › les boutons devraient avoir des labels accessibles" classname="accessibility.spec.ts" time="3.852">
</testcase>
<testcase name="Accessibilité - ARIA &amp; Sémantique › les liens devraient avoir du texte accessible" classname="accessibility.spec.ts" time="3.675">
</testcase>
<testcase name="Accessibilité - ARIA &amp; Sémantique › les formulaires devraient avoir des labels" classname="accessibility.spec.ts" time="2.413">
</testcase>
<testcase name="Accessibilité - Contraste › le texte devrait avoir un contraste suffisant" classname="accessibility.spec.ts" time="3.645">
</testcase>
<testcase name="Accessibilité - Responsive &amp; Zoom › devrait être utilisable avec zoom 200%" classname="accessibility.spec.ts" time="2.9">
</testcase>
<testcase name="Accessibilité - Responsive &amp; Zoom › devrait être utilisable en mode paysage mobile" classname="accessibility.spec.ts" time="2.583">
</testcase>
<testcase name="Accessibilité - Lecteur d&apos;écran › devrait avoir un titre de page descriptif" classname="accessibility.spec.ts" time="1.997">
</testcase>
<testcase name="Accessibilité - Lecteur d&apos;écran › devrait avoir une hiérarchie de headings correcte" classname="accessibility.spec.ts" time="2.318">
<failure message="accessibility.spec.ts:291:3 devrait avoir une hiérarchie de headings correcte" type="FAILURE">
<![CDATA[  [Mobile Chrome] › accessibility.spec.ts:291:3 › Accessibilité - Lecteur d'écran › devrait avoir une hiérarchie de headings correcte 

    Error: expect(received).toBeTruthy()

    Received: false

      306 |     
      307 |     // Devrait avoir exactement un H1
    > 308 |     expect(headings.hasH1).toBeTruthy();
          |                            ^
      309 |     expect(headings.h1Count).toBe(1);
      310 |     
      311 |     // La séquence ne devrait pas sauter de niveaux (ex: H1 → H3)
        at C:\Users\SAWADOGO\Desktop\emarzona\tests\accessibility.spec.ts:308:28

    attachment #1: screenshot (image/png) ──────────────────────────────────────────────────────────
    ..\test-results\accessibility-Accessibilit-4aa47-archie-de-headings-correcte-Mobile-Chrome\test-failed-1.png
    ────────────────────────────────────────────────────────────────────────────────────────────────

    attachment #2: video (video/webm) ──────────────────────────────────────────────────────────────
    ..\test-results\accessibility-Accessibilit-4aa47-archie-de-headings-correcte-Mobile-Chrome\video.webm
    ────────────────────────────────────────────────────────────────────────────────────────────────

    Error Context: ..\test-results\accessibility-Accessibilit-4aa47-archie-de-headings-correcte-Mobile-Chrome\error-context.md
]]>
</failure>
<system-out>
<![CDATA[
[[ATTACHMENT|accessibility-Accessibilit-4aa47-archie-de-headings-correcte-Mobile-Chrome\test-failed-1.png]]

[[ATTACHMENT|accessibility-Accessibilit-4aa47-archie-de-headings-correcte-Mobile-Chrome\video.webm]]

[[ATTACHMENT|accessibility-Accessibilit-4aa47-archie-de-headings-correcte-Mobile-Chrome\error-context.md]]
]]>
</system-out>
</testcase>
<testcase name="Accessibilité - Lecteur d&apos;écran › le contenu dynamique devrait utiliser aria-live" classname="accessibility.spec.ts" time="2.974">
</testcase>
<testcase name="Accessibilité - Formulaires › les erreurs de validation devraient être annoncées" classname="accessibility.spec.ts" time="5.424">
</testcase>
<testcase name="Accessibilité - Formulaires › les champs requis devraient être identifiés" classname="accessibility.spec.ts" time="2.514">
</testcase>
</testsuite>
<testsuite name="accessibility.spec.ts" timestamp="2025-12-04T19:39:49.989Z" hostname="Mobile Safari" tests="24" failures="24" skipped="0" time="0.42" errors="0">
<testcase name="Accessibilité - Scan Automatique › Accueil - Pas de violations WCAG" classname="accessibility.spec.ts" time="0.02">
<failure message="accessibility.spec.ts:22:5 Accueil - Pas de violations WCAG" type="FAILURE">
<![CDATA[  [Mobile Safari] › accessibility.spec.ts:22:5 › Accessibilité - Scan Automatique › Accueil - Pas de violations WCAG 

    Error: browserType.launch: Executable doesn't exist at C:\Users\SAWADOGO\AppData\Local\ms-playwright\webkit-2215\Playwright.exe
    ╔═════════════════════════════════════════════════════════════════════════╗
    ║ Looks like Playwright Test or Playwright was just installed or updated. ║
    ║ Please run the following command to download new browsers:              ║
    ║                                                                         ║
    ║     npx playwright install                                              ║
    ║                                                                         ║
    ║ <3 Playwright Team                                                      ║
    ╚═════════════════════════════════════════════════════════════════════════╝
]]>
</failure>
</testcase>
<testcase name="Accessibilité - Scan Automatique › Marketplace - Pas de violations WCAG" classname="accessibility.spec.ts" time="0.024">
<failure message="accessibility.spec.ts:22:5 Marketplace - Pas de violations WCAG" type="FAILURE">
<![CDATA[  [Mobile Safari] › accessibility.spec.ts:22:5 › Accessibilité - Scan Automatique › Marketplace - Pas de violations WCAG 

    Error: browserType.launch: Executable doesn't exist at C:\Users\SAWADOGO\AppData\Local\ms-playwright\webkit-2215\Playwright.exe
    ╔═════════════════════════════════════════════════════════════════════════╗
    ║ Looks like Playwright Test or Playwright was just installed or updated. ║
    ║ Please run the following command to download new browsers:              ║
    ║                                                                         ║
    ║     npx playwright install                                              ║
    ║                                                                         ║
    ║ <3 Playwright Team                                                      ║
    ╚═════════════════════════════════════════════════════════════════════════╝
]]>
</failure>
</testcase>
<testcase name="Accessibilité - Scan Automatique › Authentification - Pas de violations WCAG" classname="accessibility.spec.ts" time="0.018">
<failure message="accessibility.spec.ts:22:5 Authentification - Pas de violations WCAG" type="FAILURE">
<![CDATA[  [Mobile Safari] › accessibility.spec.ts:22:5 › Accessibilité - Scan Automatique › Authentification - Pas de violations WCAG 

    Error: browserType.launch: Executable doesn't exist at C:\Users\SAWADOGO\AppData\Local\ms-playwright\webkit-2215\Playwright.exe
    ╔═════════════════════════════════════════════════════════════════════════╗
    ║ Looks like Playwright Test or Playwright was just installed or updated. ║
    ║ Please run the following command to download new browsers:              ║
    ║                                                                         ║
    ║     npx playwright install                                              ║
    ║                                                                         ║
    ║ <3 Playwright Team                                                      ║
    ╚═════════════════════════════════════════════════════════════════════════╝
]]>
</failure>
</testcase>
<testcase name="Accessibilité - Scan Automatique › Dashboard - Pas de violations WCAG" classname="accessibility.spec.ts" time="0.019">
<failure message="accessibility.spec.ts:22:5 Dashboard - Pas de violations WCAG" type="FAILURE">
<![CDATA[  [Mobile Safari] › accessibility.spec.ts:22:5 › Accessibilité - Scan Automatique › Dashboard - Pas de violations WCAG 

    Error: browserType.launch: Executable doesn't exist at C:\Users\SAWADOGO\AppData\Local\ms-playwright\webkit-2215\Playwright.exe
    ╔═════════════════════════════════════════════════════════════════════════╗
    ║ Looks like Playwright Test or Playwright was just installed or updated. ║
    ║ Please run the following command to download new browsers:              ║
    ║                                                                         ║
    ║     npx playwright install                                              ║
    ║                                                                         ║
    ║ <3 Playwright Team                                                      ║
    ╚═════════════════════════════════════════════════════════════════════════╝
]]>
</failure>
</testcase>
<testcase name="Accessibilité - Scan Automatique › Produits - Pas de violations WCAG" classname="accessibility.spec.ts" time="0.017">
<failure message="accessibility.spec.ts:22:5 Produits - Pas de violations WCAG" type="FAILURE">
<![CDATA[  [Mobile Safari] › accessibility.spec.ts:22:5 › Accessibilité - Scan Automatique › Produits - Pas de violations WCAG 

    Error: browserType.launch: Executable doesn't exist at C:\Users\SAWADOGO\AppData\Local\ms-playwright\webkit-2215\Playwright.exe
    ╔═════════════════════════════════════════════════════════════════════════╗
    ║ Looks like Playwright Test or Playwright was just installed or updated. ║
    ║ Please run the following command to download new browsers:              ║
    ║                                                                         ║
    ║     npx playwright install                                              ║
    ║                                                                         ║
    ║ <3 Playwright Team                                                      ║
    ╚═════════════════════════════════════════════════════════════════════════╝
]]>
</failure>
</testcase>
<testcase name="Accessibilité - Scan Automatique › Commandes - Pas de violations WCAG" classname="accessibility.spec.ts" time="0.018">
<failure message="accessibility.spec.ts:22:5 Commandes - Pas de violations WCAG" type="FAILURE">
<![CDATA[  [Mobile Safari] › accessibility.spec.ts:22:5 › Accessibilité - Scan Automatique › Commandes - Pas de violations WCAG 

    Error: browserType.launch: Executable doesn't exist at C:\Users\SAWADOGO\AppData\Local\ms-playwright\webkit-2215\Playwright.exe
    ╔═════════════════════════════════════════════════════════════════════════╗
    ║ Looks like Playwright Test or Playwright was just installed or updated. ║
    ║ Please run the following command to download new browsers:              ║
    ║                                                                         ║
    ║     npx playwright install                                              ║
    ║                                                                         ║
    ║ <3 Playwright Team                                                      ║
    ╚═════════════════════════════════════════════════════════════════════════╝
]]>
</failure>
</testcase>
<testcase name="Accessibilité - Navigation Clavier › devrait pouvoir naviguer avec Tab" classname="accessibility.spec.ts" time="0.012">
<failure message="accessibility.spec.ts:38:3 devrait pouvoir naviguer avec Tab" type="FAILURE">
<![CDATA[  [Mobile Safari] › accessibility.spec.ts:38:3 › Accessibilité - Navigation Clavier › devrait pouvoir naviguer avec Tab 

    Error: browserType.launch: Executable doesn't exist at C:\Users\SAWADOGO\AppData\Local\ms-playwright\webkit-2215\Playwright.exe
    ╔═════════════════════════════════════════════════════════════════════════╗
    ║ Looks like Playwright Test or Playwright was just installed or updated. ║
    ║ Please run the following command to download new browsers:              ║
    ║                                                                         ║
    ║     npx playwright install                                              ║
    ║                                                                         ║
    ║ <3 Playwright Team                                                      ║
    ╚═════════════════════════════════════════════════════════════════════════╝
]]>
</failure>
</testcase>
<testcase name="Accessibilité - Navigation Clavier › devrait pouvoir naviguer en arrière avec Shift+Tab" classname="accessibility.spec.ts" time="0.029">
<failure message="accessibility.spec.ts:53:3 devrait pouvoir naviguer en arrière avec Shift+Tab" type="FAILURE">
<![CDATA[  [Mobile Safari] › accessibility.spec.ts:53:3 › Accessibilité - Navigation Clavier › devrait pouvoir naviguer en arrière avec Shift+Tab 

    Error: browserType.launch: Executable doesn't exist at C:\Users\SAWADOGO\AppData\Local\ms-playwright\webkit-2215\Playwright.exe
    ╔═════════════════════════════════════════════════════════════════════════╗
    ║ Looks like Playwright Test or Playwright was just installed or updated. ║
    ║ Please run the following command to download new browsers:              ║
    ║                                                                         ║
    ║     npx playwright install                                              ║
    ║                                                                         ║
    ║ <3 Playwright Team                                                      ║
    ╚═════════════════════════════════════════════════════════════════════════╝
]]>
</failure>
</testcase>
<testcase name="Accessibilité - Navigation Clavier › devrait pouvoir activer les liens avec Enter" classname="accessibility.spec.ts" time="0.021">
<failure message="accessibility.spec.ts:66:3 devrait pouvoir activer les liens avec Enter" type="FAILURE">
<![CDATA[  [Mobile Safari] › accessibility.spec.ts:66:3 › Accessibilité - Navigation Clavier › devrait pouvoir activer les liens avec Enter 

    Error: browserType.launch: Executable doesn't exist at C:\Users\SAWADOGO\AppData\Local\ms-playwright\webkit-2215\Playwright.exe
    ╔═════════════════════════════════════════════════════════════════════════╗
    ║ Looks like Playwright Test or Playwright was just installed or updated. ║
    ║ Please run the following command to download new browsers:              ║
    ║                                                                         ║
    ║     npx playwright install                                              ║
    ║                                                                         ║
    ║ <3 Playwright Team                                                      ║
    ╚═════════════════════════════════════════════════════════════════════════╝
]]>
</failure>
</testcase>
<testcase name="Accessibilité - Navigation Clavier › devrait pouvoir activer les boutons avec Space" classname="accessibility.spec.ts" time="0.02">
<failure message="accessibility.spec.ts:87:3 devrait pouvoir activer les boutons avec Space" type="FAILURE">
<![CDATA[  [Mobile Safari] › accessibility.spec.ts:87:3 › Accessibilité - Navigation Clavier › devrait pouvoir activer les boutons avec Space 

    Error: browserType.launch: Executable doesn't exist at C:\Users\SAWADOGO\AppData\Local\ms-playwright\webkit-2215\Playwright.exe
    ╔═════════════════════════════════════════════════════════════════════════╗
    ║ Looks like Playwright Test or Playwright was just installed or updated. ║
    ║ Please run the following command to download new browsers:              ║
    ║                                                                         ║
    ║     npx playwright install                                              ║
    ║                                                                         ║
    ║ <3 Playwright Team                                                      ║
    ╚═════════════════════════════════════════════════════════════════════════╝
]]>
</failure>
</testcase>
<testcase name="Accessibilité - Navigation Clavier › devrait avoir un indicateur de focus visible" classname="accessibility.spec.ts" time="0.018">
<failure message="accessibility.spec.ts:112:3 devrait avoir un indicateur de focus visible" type="FAILURE">
<![CDATA[  [Mobile Safari] › accessibility.spec.ts:112:3 › Accessibilité - Navigation Clavier › devrait avoir un indicateur de focus visible 

    Error: browserType.launch: Executable doesn't exist at C:\Users\SAWADOGO\AppData\Local\ms-playwright\webkit-2215\Playwright.exe
    ╔═════════════════════════════════════════════════════════════════════════╗
    ║ Looks like Playwright Test or Playwright was just installed or updated. ║
    ║ Please run the following command to download new browsers:              ║
    ║                                                                         ║
    ║     npx playwright install                                              ║
    ║                                                                         ║
    ║ <3 Playwright Team                                                      ║
    ╚═════════════════════════════════════════════════════════════════════════╝
]]>
</failure>
</testcase>
<testcase name="Accessibilité - ARIA &amp; Sémantique › devrait avoir des landmarks ARIA" classname="accessibility.spec.ts" time="0.021">
<failure message="accessibility.spec.ts:141:3 devrait avoir des landmarks ARIA" type="FAILURE">
<![CDATA[  [Mobile Safari] › accessibility.spec.ts:141:3 › Accessibilité - ARIA & Sémantique › devrait avoir des landmarks ARIA 

    Error: browserType.launch: Executable doesn't exist at C:\Users\SAWADOGO\AppData\Local\ms-playwright\webkit-2215\Playwright.exe
    ╔═════════════════════════════════════════════════════════════════════════╗
    ║ Looks like Playwright Test or Playwright was just installed or updated. ║
    ║ Please run the following command to download new browsers:              ║
    ║                                                                         ║
    ║     npx playwright install                                              ║
    ║                                                                         ║
    ║ <3 Playwright Team                                                      ║
    ╚═════════════════════════════════════════════════════════════════════════╝
]]>
</failure>
</testcase>
<testcase name="Accessibilité - ARIA &amp; Sémantique › les images devraient avoir des attributs alt" classname="accessibility.spec.ts" time="0.024">
<failure message="accessibility.spec.ts:159:3 les images devraient avoir des attributs alt" type="FAILURE">
<![CDATA[  [Mobile Safari] › accessibility.spec.ts:159:3 › Accessibilité - ARIA & Sémantique › les images devraient avoir des attributs alt 

    Error: browserType.launch: Executable doesn't exist at C:\Users\SAWADOGO\AppData\Local\ms-playwright\webkit-2215\Playwright.exe
    ╔═════════════════════════════════════════════════════════════════════════╗
    ║ Looks like Playwright Test or Playwright was just installed or updated. ║
    ║ Please run the following command to download new browsers:              ║
    ║                                                                         ║
    ║     npx playwright install                                              ║
    ║                                                                         ║
    ║ <3 Playwright Team                                                      ║
    ╚═════════════════════════════════════════════════════════════════════════╝
]]>
</failure>
</testcase>
<testcase name="Accessibilité - ARIA &amp; Sémantique › les boutons devraient avoir des labels accessibles" classname="accessibility.spec.ts" time="0.016">
<failure message="accessibility.spec.ts:170:3 les boutons devraient avoir des labels accessibles" type="FAILURE">
<![CDATA[  [Mobile Safari] › accessibility.spec.ts:170:3 › Accessibilité - ARIA & Sémantique › les boutons devraient avoir des labels accessibles 

    Error: browserType.launch: Executable doesn't exist at C:\Users\SAWADOGO\AppData\Local\ms-playwright\webkit-2215\Playwright.exe
    ╔═════════════════════════════════════════════════════════════════════════╗
    ║ Looks like Playwright Test or Playwright was just installed or updated. ║
    ║ Please run the following command to download new browsers:              ║
    ║                                                                         ║
    ║     npx playwright install                                              ║
    ║                                                                         ║
    ║ <3 Playwright Team                                                      ║
    ╚═════════════════════════════════════════════════════════════════════════╝
]]>
</failure>
</testcase>
<testcase name="Accessibilité - ARIA &amp; Sémantique › les liens devraient avoir du texte accessible" classname="accessibility.spec.ts" time="0.028">
<failure message="accessibility.spec.ts:190:3 les liens devraient avoir du texte accessible" type="FAILURE">
<![CDATA[  [Mobile Safari] › accessibility.spec.ts:190:3 › Accessibilité - ARIA & Sémantique › les liens devraient avoir du texte accessible 

    Error: browserType.launch: Executable doesn't exist at C:\Users\SAWADOGO\AppData\Local\ms-playwright\webkit-2215\Playwright.exe
    ╔═════════════════════════════════════════════════════════════════════════╗
    ║ Looks like Playwright Test or Playwright was just installed or updated. ║
    ║ Please run the following command to download new browsers:              ║
    ║                                                                         ║
    ║     npx playwright install                                              ║
    ║                                                                         ║
    ║ <3 Playwright Team                                                      ║
    ╚═════════════════════════════════════════════════════════════════════════╝
]]>
</failure>
</testcase>
<testcase name="Accessibilité - ARIA &amp; Sémantique › les formulaires devraient avoir des labels" classname="accessibility.spec.ts" time="0.013">
<failure message="accessibility.spec.ts:208:3 les formulaires devraient avoir des labels" type="FAILURE">
<![CDATA[  [Mobile Safari] › accessibility.spec.ts:208:3 › Accessibilité - ARIA & Sémantique › les formulaires devraient avoir des labels 

    Error: browserType.launch: Executable doesn't exist at C:\Users\SAWADOGO\AppData\Local\ms-playwright\webkit-2215\Playwright.exe
    ╔═════════════════════════════════════════════════════════════════════════╗
    ║ Looks like Playwright Test or Playwright was just installed or updated. ║
    ║ Please run the following command to download new browsers:              ║
    ║                                                                         ║
    ║     npx playwright install                                              ║
    ║                                                                         ║
    ║ <3 Playwright Team                                                      ║
    ╚═════════════════════════════════════════════════════════════════════════╝
]]>
</failure>
</testcase>
<testcase name="Accessibilité - Contraste › le texte devrait avoir un contraste suffisant" classname="accessibility.spec.ts" time="0.012">
<failure message="accessibility.spec.ts:229:3 le texte devrait avoir un contraste suffisant" type="FAILURE">
<![CDATA[  [Mobile Safari] › accessibility.spec.ts:229:3 › Accessibilité - Contraste › le texte devrait avoir un contraste suffisant 

    Error: browserType.launch: Executable doesn't exist at C:\Users\SAWADOGO\AppData\Local\ms-playwright\webkit-2215\Playwright.exe
    ╔═════════════════════════════════════════════════════════════════════════╗
    ║ Looks like Playwright Test or Playwright was just installed or updated. ║
    ║ Please run the following command to download new browsers:              ║
    ║                                                                         ║
    ║     npx playwright install                                              ║
    ║                                                                         ║
    ║ <3 Playwright Team                                                      ║
    ╚═════════════════════════════════════════════════════════════════════════╝
]]>
</failure>
</testcase>
<testcase name="Accessibilité - Responsive &amp; Zoom › devrait être utilisable avec zoom 200%" classname="accessibility.spec.ts" time="0.014">
<failure message="accessibility.spec.ts:248:3 devrait être utilisable avec zoom 200%" type="FAILURE">
<![CDATA[  [Mobile Safari] › accessibility.spec.ts:248:3 › Accessibilité - Responsive & Zoom › devrait être utilisable avec zoom 200% 

    Error: browserType.launch: Executable doesn't exist at C:\Users\SAWADOGO\AppData\Local\ms-playwright\webkit-2215\Playwright.exe
    ╔═════════════════════════════════════════════════════════════════════════╗
    ║ Looks like Playwright Test or Playwright was just installed or updated. ║
    ║ Please run the following command to download new browsers:              ║
    ║                                                                         ║
    ║     npx playwright install                                              ║
    ║                                                                         ║
    ║ <3 Playwright Team                                                      ║
    ╚═════════════════════════════════════════════════════════════════════════╝
]]>
</failure>
</testcase>
<testcase name="Accessibilité - Responsive &amp; Zoom › devrait être utilisable en mode paysage mobile" classname="accessibility.spec.ts" time="0.014">
<failure message="accessibility.spec.ts:264:3 devrait être utilisable en mode paysage mobile" type="FAILURE">
<![CDATA[  [Mobile Safari] › accessibility.spec.ts:264:3 › Accessibilité - Responsive & Zoom › devrait être utilisable en mode paysage mobile 

    Error: browserType.launch: Executable doesn't exist at C:\Users\SAWADOGO\AppData\Local\ms-playwright\webkit-2215\Playwright.exe
    ╔═════════════════════════════════════════════════════════════════════════╗
    ║ Looks like Playwright Test or Playwright was just installed or updated. ║
    ║ Please run the following command to download new browsers:              ║
    ║                                                                         ║
    ║     npx playwright install                                              ║
    ║                                                                         ║
    ║ <3 Playwright Team                                                      ║
    ╚═════════════════════════════════════════════════════════════════════════╝
]]>
</failure>
</testcase>
<testcase name="Accessibilité - Lecteur d&apos;écran › devrait avoir un titre de page descriptif" classname="accessibility.spec.ts" time="0.015">
<failure message="accessibility.spec.ts:279:3 devrait avoir un titre de page descriptif" type="FAILURE">
<![CDATA[  [Mobile Safari] › accessibility.spec.ts:279:3 › Accessibilité - Lecteur d'écran › devrait avoir un titre de page descriptif 

    Error: browserType.launch: Executable doesn't exist at C:\Users\SAWADOGO\AppData\Local\ms-playwright\webkit-2215\Playwright.exe
    ╔═════════════════════════════════════════════════════════════════════════╗
    ║ Looks like Playwright Test or Playwright was just installed or updated. ║
    ║ Please run the following command to download new browsers:              ║
    ║                                                                         ║
    ║     npx playwright install                                              ║
    ║                                                                         ║
    ║ <3 Playwright Team                                                      ║
    ╚═════════════════════════════════════════════════════════════════════════╝
]]>
</failure>
</testcase>
<testcase name="Accessibilité - Lecteur d&apos;écran › devrait avoir une hiérarchie de headings correcte" classname="accessibility.spec.ts" time="0.012">
<failure message="accessibility.spec.ts:291:3 devrait avoir une hiérarchie de headings correcte" type="FAILURE">
<![CDATA[  [Mobile Safari] › accessibility.spec.ts:291:3 › Accessibilité - Lecteur d'écran › devrait avoir une hiérarchie de headings correcte 

    Error: browserType.launch: Executable doesn't exist at C:\Users\SAWADOGO\AppData\Local\ms-playwright\webkit-2215\Playwright.exe
    ╔═════════════════════════════════════════════════════════════════════════╗
    ║ Looks like Playwright Test or Playwright was just installed or updated. ║
    ║ Please run the following command to download new browsers:              ║
    ║                                                                         ║
    ║     npx playwright install                                              ║
    ║                                                                         ║
    ║ <3 Playwright Team                                                      ║
    ╚═════════════════════════════════════════════════════════════════════════╝
]]>
</failure>
</testcase>
<testcase name="Accessibilité - Lecteur d&apos;écran › le contenu dynamique devrait utiliser aria-live" classname="accessibility.spec.ts" time="0.012">
<failure message="accessibility.spec.ts:320:3 le contenu dynamique devrait utiliser aria-live" type="FAILURE">
<![CDATA[  [Mobile Safari] › accessibility.spec.ts:320:3 › Accessibilité - Lecteur d'écran › le contenu dynamique devrait utiliser aria-live 

    Error: browserType.launch: Executable doesn't exist at C:\Users\SAWADOGO\AppData\Local\ms-playwright\webkit-2215\Playwright.exe
    ╔═════════════════════════════════════════════════════════════════════════╗
    ║ Looks like Playwright Test or Playwright was just installed or updated. ║
    ║ Please run the following command to download new browsers:              ║
    ║                                                                         ║
    ║     npx playwright install                                              ║
    ║                                                                         ║
    ║ <3 Playwright Team                                                      ║
    ╚═════════════════════════════════════════════════════════════════════════╝
]]>
</failure>
</testcase>
<testcase name="Accessibilité - Formulaires › les erreurs de validation devraient être annoncées" classname="accessibility.spec.ts" time="0.016">
<failure message="accessibility.spec.ts:334:3 les erreurs de validation devraient être annoncées" type="FAILURE">
<![CDATA[  [Mobile Safari] › accessibility.spec.ts:334:3 › Accessibilité - Formulaires › les erreurs de validation devraient être annoncées 

    Error: browserType.launch: Executable doesn't exist at C:\Users\SAWADOGO\AppData\Local\ms-playwright\webkit-2215\Playwright.exe
    ╔═════════════════════════════════════════════════════════════════════════╗
    ║ Looks like Playwright Test or Playwright was just installed or updated. ║
    ║ Please run the following command to download new browsers:              ║
    ║                                                                         ║
    ║     npx playwright install                                              ║
    ║                                                                         ║
    ║ <3 Playwright Team                                                      ║
    ╚═════════════════════════════════════════════════════════════════════════╝
]]>
</failure>
</testcase>
<testcase name="Accessibilité - Formulaires › les champs requis devraient être identifiés" classname="accessibility.spec.ts" time="0.007">
<failure message="accessibility.spec.ts:355:3 les champs requis devraient être identifiés" type="FAILURE">
<![CDATA[  [Mobile Safari] › accessibility.spec.ts:355:3 › Accessibilité - Formulaires › les champs requis devraient être identifiés 

    Error: browserType.launch: Executable doesn't exist at C:\Users\SAWADOGO\AppData\Local\ms-playwright\webkit-2215\Playwright.exe
    ╔═════════════════════════════════════════════════════════════════════════╗
    ║ Looks like Playwright Test or Playwright was just installed or updated. ║
    ║ Please run the following command to download new browsers:              ║
    ║                                                                         ║
    ║     npx playwright install                                              ║
    ║                                                                         ║
    ║ <3 Playwright Team                                                      ║
    ╚═════════════════════════════════════════════════════════════════════════╝
]]>
</failure>
</testcase>
</testsuite>
</testsuites>